argv=["/home/reachgao/.local/cmake-3.30.5/bin/cmake", "--build", "/home/reachgao/.local/build/xyce-7.10.0-r07", "--parallel", "2", "--target", "install"]
cwd=/mnt/c/Users/ReachGao/Desktop/SDU/科研/氧化物TFT_铁电双栅课程项目
returncode=0
timed_out=false
elapsed_seconds=482.955614
output_begin
gmake[1]: Entering directory '/home/reachgao/.local/build/xyce-7.10.0-r07'
gmake[2]: Entering directory '/home/reachgao/.local/build/xyce-7.10.0-r07'
gmake[3]: Entering directory '/home/reachgao/.local/build/xyce-7.10.0-r07'
gmake[3]: Leaving directory '/home/reachgao/.local/build/xyce-7.10.0-r07'
gmake[3]: Entering directory '/home/reachgao/.local/build/xyce-7.10.0-r07'
[  0%] [34m[1mUpdating version string Git SHA and time stamp[0m
gmake[3]: Leaving directory '/home/reachgao/.local/build/xyce-7.10.0-r07'
[  0%] Built target TimeStampHeader
gmake[3]: Entering directory '/home/reachgao/.local/build/xyce-7.10.0-r07'
[  0%] [34m[1m[FLEX][XyceReactionLexer] Building scanner with flex 2.6.4[0m
[  0%] [34m[1m[BISON][XyceExpressionParser] Building parser with bison 3.8.2[0m
[  0%] [34m[1m[BISON][XyceReactionParser] Building parser with bison 3.8.2[0m
[  0%] [34m[1m[FLEX][XyceExpressionLexer] Building scanner with flex 2.6.4[0m
gmake[3]: Leaving directory '/home/reachgao/.local/build/xyce-7.10.0-r07'
gmake[3]: Entering directory '/home/reachgao/.local/build/xyce-7.10.0-r07'
[  0%] [32mBuilding CXX object src/CMakeFiles/XyceLib.dir/UtilityPKG/ExpressionSrc/ExpressionLexer.cxx.o[0m
[  1%] [32mBuilding CXX object src/CMakeFiles/XyceLib.dir/UtilityPKG/ExpressionSrc/ExpressionParser.cxx.o[0m
[  1%] [32mBuilding CXX object src/CMakeFiles/XyceLib.dir/DeviceModelPKG/Core/N_DEV_ReactionParser.cxx.o[0m
[  1%] [32mBuilding CXX object src/CMakeFiles/XyceLib.dir/DeviceModelPKG/Core/N_DEV_ReactionLexer.cxx.o[0m
[  1%] [32mBuilding CXX object src/CMakeFiles/XyceLib.dir/CircuitPKG/N_CIR_Xyce.C.o[0m
[  1%] [32mBuilding CXX object src/CMakeFiles/XyceLib.dir/CircuitPKG/N_CIR_SecondLevelSimulator.C.o[0m
[  2%] [32mBuilding CXX object src/CMakeFiles/XyceLib.dir/CircuitPKG/N_CIR_MixedSignalSimulator.C.o[0m
[  2%] [32mBuilding CXX object src/CMakeFiles/XyceLib.dir/CircuitPKG/N_CIR_GenCouplingSimulator.C.o[0m
[  2%] [32mBuilding CXX object src/CMakeFiles/XyceLib.dir/AnalysisPKG/N_ANP_AC.C.o[0m
[  2%] [32mBuilding CXX object src/CMakeFiles/XyceLib.dir/AnalysisPKG/N_ANP_AnalysisBase.C.o[0m
[  2%] [32mBuilding CXX object src/CMakeFiles/XyceLib.dir/AnalysisPKG/N_ANP_AnalysisEvent.C.o[0m
[  3%] [32mBuilding CXX object src/CMakeFiles/XyceLib.dir/AnalysisPKG/N_ANP_AnalysisManager.C.o[0m
[  3%] [32mBuilding CXX object src/CMakeFiles/XyceLib.dir/AnalysisPKG/N_ANP_DCSweep.C.o[0m
[  3%] [32mBuilding CXX object src/CMakeFiles/XyceLib.dir/AnalysisPKG/N_ANP_Dakota.C.o[0m
[  3%] [32mBuilding CXX object src/CMakeFiles/XyceLib.dir/AnalysisPKG/N_ANP_EmbeddedSampling.C.o[0m
[  3%] [32mBuilding CXX object src/CMakeFiles/XyceLib.dir/AnalysisPKG/N_ANP_PCE.C.o[0m
[  4%] [32mBuilding CXX object src/CMakeFiles/XyceLib.dir/AnalysisPKG/N_ANP_HB.C.o[0m
[  4%] [32mBuilding CXX object src/CMakeFiles/XyceLib.dir/AnalysisPKG/N_ANP_InnerLevelSolve.C.o[0m
[  4%] [32mBuilding CXX object src/CMakeFiles/XyceLib.dir/AnalysisPKG/N_ANP_MOR.C.o[0m
[  4%] [32mBuilding CXX object src/CMakeFiles/XyceLib.dir/AnalysisPKG/N_ANP_MPDE.C.o[0m
[  4%] [32mBuilding CXX object src/CMakeFiles/XyceLib.dir/AnalysisPKG/N_ANP_MixedSignalManager.C.o[0m
[  4%] [32mBuilding CXX object src/CMakeFiles/XyceLib.dir/AnalysisPKG/N_ANP_NOISE.C.o[0m
[  5%] [32mBuilding CXX object src/CMakeFiles/XyceLib.dir/AnalysisPKG/N_ANP_Op.C.o[0m
[  5%] [32mBuilding CXX object src/CMakeFiles/XyceLib.dir/AnalysisPKG/N_ANP_OpBuilders.C.o[0m
[  5%] [32mBuilding CXX object src/CMakeFiles/XyceLib.dir/AnalysisPKG/N_ANP_OutputMgrAdapter.C.o[0m
[  5%] [32mBuilding CXX object src/CMakeFiles/XyceLib.dir/AnalysisPKG/N_ANP_ROL.C.o[0m
[  5%] [32mBuilding CXX object src/CMakeFiles/XyceLib.dir/AnalysisPKG/N_ANP_ROL_DC_Optimization.C.o[0m
[  6%] [32mBuilding CXX object src/CMakeFiles/XyceLib.dir/AnalysisPKG/N_ANP_ROL_AC_Optimization.C.o[0m
[  6%] [32mBuilding CXX object src/CMakeFiles/XyceLib.dir/AnalysisPKG/N_ANP_ROL_TRAN_Optimization.C.o[0m
[  6%] [32mBuilding CXX object src/CMakeFiles/XyceLib.dir/AnalysisPKG/N_ANP_Report.C.o[0m
[  6%] [32mBuilding CXX object src/CMakeFiles/XyceLib.dir/AnalysisPKG/N_ANP_RegisterAnalysis.C.o[0m
[  6%] [32mBuilding CXX object src/CMakeFiles/XyceLib.dir/AnalysisPKG/N_ANP_Sampling.C.o[0m
[  7%] [32mBuilding CXX object src/CMakeFiles/XyceLib.dir/AnalysisPKG/N_ANP_SecondLevelManager.C.o[0m
[  7%] [32mBuilding CXX object src/CMakeFiles/XyceLib.dir/AnalysisPKG/N_ANP_Step.C.o[0m
[  7%] [32mBuilding CXX object src/CMakeFiles/XyceLib.dir/AnalysisPKG/N_ANP_SweepParam.C.o[0m
[  7%] [32mBuilding CXX object src/CMakeFiles/XyceLib.dir/AnalysisPKG/N_ANP_Transient.C.o[0m
[  7%] [32mBuilding CXX object src/CMakeFiles/XyceLib.dir/AnalysisPKG/N_ANP_UQSupport.C.o[0m
[  7%] [32mBuilding CXX object src/CMakeFiles/XyceLib.dir/DeviceModelPKG/Core/N_DEV_RegisterDevices.C.o[0m
[  8%] [32mBuilding CXX object src/CMakeFiles/XyceLib.dir/DeviceModelPKG/Core/N_DEV_DeviceInstance.C.o[0m
[  8%] [32mBuilding CXX object src/CMakeFiles/XyceLib.dir/DeviceModelPKG/Core/N_DEV_DeviceBlock.C.o[0m
[  8%] [32mBuilding CXX object src/CMakeFiles/XyceLib.dir/DeviceModelPKG/Core/N_DEV_DeviceState.C.o[0m
[  8%] [32mBuilding CXX object src/CMakeFiles/XyceLib.dir/DeviceModelPKG/Core/N_DEV_DeviceModel.C.o[0m
[  8%] [32mBuilding CXX object src/CMakeFiles/XyceLib.dir/DeviceModelPKG/Core/N_DEV_DeviceMgr.C.o[0m
[  9%] [32mBuilding CXX object src/CMakeFiles/XyceLib.dir/DeviceModelPKG/Core/N_DEV_DeviceSensitivities.C.o[0m
[  9%] [32mBuilding CXX object src/CMakeFiles/XyceLib.dir/DeviceModelPKG/Core/N_DEV_DeviceMaster.C.o[0m
[  9%] [32mBuilding CXX object src/CMakeFiles/XyceLib.dir/DeviceModelPKG/Core/N_DEV_Message.C.o[0m
[  9%] [32mBuilding CXX object src/CMakeFiles/XyceLib.dir/DeviceModelPKG/Core/N_DEV_MatrixLoadData.C.o[0m
[  9%] [32mBuilding CXX object src/CMakeFiles/XyceLib.dir/DeviceModelPKG/Core/N_DEV_NumericalJacobian.C.o[0m
[ 10%] [32mBuilding CXX object src/CMakeFiles/XyceLib.dir/DeviceModelPKG/Core/N_DEV_DeviceEntity.C.o[0m
[ 10%] [32mBuilding CXX object src/CMakeFiles/XyceLib.dir/DeviceModelPKG/Core/N_DEV_CompositeParam.C.o[0m
[ 10%] [32mBuilding CXX object src/CMakeFiles/XyceLib.dir/DeviceModelPKG/Core/N_DEV_Source.C.o[0m
[ 10%] [32mBuilding CXX object src/CMakeFiles/XyceLib.dir/DeviceModelPKG/Core/N_DEV_SourceData.C.o[0m
[ 10%] [32mBuilding CXX object src/CMakeFiles/XyceLib.dir/DeviceModelPKG/Core/N_DEV_RxnSet.C.o[0m
[ 10%] [32mBuilding CXX object src/CMakeFiles/XyceLib.dir/DeviceModelPKG/Core/N_DEV_Region.C.o[0m
[ 11%] [32mBuilding CXX object src/CMakeFiles/XyceLib.dir/DeviceModelPKG/Core/N_DEV_RegionData.C.o[0m
[ 11%] [32mBuilding CXX object src/CMakeFiles/XyceLib.dir/DeviceModelPKG/Core/N_DEV_SpecieSource.C.o[0m
[ 11%] [32mBuilding CXX object src/CMakeFiles/XyceLib.dir/DeviceModelPKG/Core/N_DEV_Specie.C.o[0m
[ 11%] [32mBuilding CXX object src/CMakeFiles/XyceLib.dir/DeviceModelPKG/Core/N_DEV_DeviceSupport.C.o[0m
[ 11%] [32mBuilding CXX object src/CMakeFiles/XyceLib.dir/DeviceModelPKG/Core/N_DEV_Param.C.o[0m
[ 12%] [32mBuilding CXX object src/CMakeFiles/XyceLib.dir/DeviceModelPKG/Core/N_DEV_DeviceOptions.C.o[0m
[ 12%] [32mBuilding CXX object src/CMakeFiles/XyceLib.dir/DeviceModelPKG/Core/N_DEV_ScalingVars.C.o[0m
[ 12%] [32mBuilding CXX object src/CMakeFiles/XyceLib.dir/DeviceModelPKG/Core/N_DEV_SolverState.C.o[0m
[ 12%] [32mBuilding CXX object src/CMakeFiles/XyceLib.dir/DeviceModelPKG/Core/N_DEV_Reaction.C.o[0m
[ 12%] [32mBuilding CXX object src/CMakeFiles/XyceLib.dir/DeviceModelPKG/Core/N_DEV_ReactionNetwork.C.o[0m
[ 13%] [32mBuilding CXX object src/CMakeFiles/XyceLib.dir/DeviceModelPKG/Core/N_DEV_RateConstantCalculators.C.o[0m
[ 13%] [32mBuilding CXX object src/CMakeFiles/XyceLib.dir/DeviceModelPKG/Core/N_DEV_Pars.C.o[0m
[ 13%] [32mBuilding CXX object src/CMakeFiles/XyceLib.dir/DeviceModelPKG/Core/N_DEV_LaTexDoc.C.o[0m
[ 13%] [32mBuilding CXX object src/CMakeFiles/XyceLib.dir/DeviceModelPKG/Core/N_DEV_Op.C.o[0m
[ 13%] [32mBuilding CXX object src/CMakeFiles/XyceLib.dir/DeviceModelPKG/Core/N_DEV_OpBuilders.C.o[0m
[ 13%] [32mBuilding CXX object src/CMakeFiles/XyceLib.dir/DeviceModelPKG/Core/N_DEV_Dump.C.o[0m
[ 14%] [32mBuilding CXX object src/CMakeFiles/XyceLib.dir/DeviceModelPKG/Core/N_DEV_InstanceName.C.o[0m
[ 14%] [32mBuilding CXX object src/CMakeFiles/XyceLib.dir/DeviceModelPKG/Core/N_DEV_Units.C.o[0m
[ 14%] [32mBuilding CXX object src/CMakeFiles/XyceLib.dir/DeviceModelPKG/Core/N_DEV_Configuration.C.o[0m
[ 14%] [32mBuilding CXX object src/CMakeFiles/XyceLib.dir/DeviceModelPKG/Core/N_DEV_Algorithm.C.o[0m
[ 14%] [32mBuilding CXX object src/CMakeFiles/XyceLib.dir/DeviceModelPKG/Core/N_DEV_Print.C.o[0m
[ 15%] [32mBuilding CXX object src/CMakeFiles/XyceLib.dir/DeviceModelPKG/OpenModels/N_DEV_RegisterOpenDevices.C.o[0m
[ 15%] [32mBuilding CXX object src/CMakeFiles/XyceLib.dir/DeviceModelPKG/OpenModels/N_DEV_ArtificialParameters.C.o[0m
[ 15%] [32mBuilding CXX object src/CMakeFiles/XyceLib.dir/DeviceModelPKG/OpenModels/N_DEV_ACC.C.o[0m
[ 15%] [32mBuilding CXX object src/CMakeFiles/XyceLib.dir/DeviceModelPKG/OpenModels/N_DEV_BJT.C.o[0m
[ 15%] [32mBuilding CXX object src/CMakeFiles/XyceLib.dir/DeviceModelPKG/OpenModels/N_DEV_Battery.C.o[0m
[ 16%] [32mBuilding CXX object src/CMakeFiles/XyceLib.dir/DeviceModelPKG/OpenModels/N_DEV_Capacitor.C.o[0m
[ 16%] [32mBuilding CXX object src/CMakeFiles/XyceLib.dir/DeviceModelPKG/OpenModels/N_DEV_DAC.C.o[0m
[ 16%] [32mBuilding CXX object src/CMakeFiles/XyceLib.dir/DeviceModelPKG/OpenModels/N_DEV_ADC.C.o[0m
[ 16%] [32mBuilding CXX object src/CMakeFiles/XyceLib.dir/DeviceModelPKG/OpenModels/N_DEV_Bsrc.C.o[0m
[ 16%] [32mBuilding CXX object src/CMakeFiles/XyceLib.dir/DeviceModelPKG/OpenModels/N_DEV_Diode.C.o[0m
[ 16%] [32mBuilding CXX object src/CMakeFiles/XyceLib.dir/DeviceModelPKG/OpenModels/N_DEV_GeneralExternal.C.o[0m
[ 17%] [32mBuilding CXX object src/CMakeFiles/XyceLib.dir/DeviceModelPKG/OpenModels/N_DEV_ISRC.C.o[0m
[ 17%] [32mBuilding CXX object src/CMakeFiles/XyceLib.dir/DeviceModelPKG/OpenModels/N_DEV_Inductor.C.o[0m
[ 17%] [32mBuilding CXX object src/CMakeFiles/XyceLib.dir/DeviceModelPKG/OpenModels/N_DEV_JFET.C.o[0m
[ 17%] [32mBuilding CXX object src/CMakeFiles/XyceLib.dir/DeviceModelPKG/OpenModels/N_DEV_LTRA.C.o[0m
[ 17%] [32mBuilding CXX object src/CMakeFiles/XyceLib.dir/DeviceModelPKG/OpenModels/N_DEV_MemristorPEM.C.o[0m
[ 18%] [32mBuilding CXX object src/CMakeFiles/XyceLib.dir/DeviceModelPKG/OpenModels/N_DEV_MemristorTEAM.C.o[0m
[ 18%] [32mBuilding CXX object src/CMakeFiles/XyceLib.dir/DeviceModelPKG/OpenModels/N_DEV_MemristorYakopcic.C.o[0m
[ 18%] [32mBuilding CXX object src/CMakeFiles/XyceLib.dir/DeviceModelPKG/OpenModels/N_DEV_MESFET.C.o[0m
[ 18%] [32mBuilding CXX object src/CMakeFiles/XyceLib.dir/DeviceModelPKG/OpenModels/N_DEV_MOSFET1.C.o[0m
[ 18%] [32mBuilding CXX object src/CMakeFiles/XyceLib.dir/DeviceModelPKG/OpenModels/N_DEV_MOSFET2.C.o[0m
[ 19%] [32mBuilding CXX object src/CMakeFiles/XyceLib.dir/DeviceModelPKG/OpenModels/N_DEV_MOSFET3.C.o[0m
[ 19%] [32mBuilding CXX object src/CMakeFiles/XyceLib.dir/DeviceModelPKG/OpenModels/N_DEV_MOSFET6.C.o[0m
[ 19%] [32mBuilding CXX object src/CMakeFiles/XyceLib.dir/DeviceModelPKG/OpenModels/N_DEV_MOSFET_B3.C.o[0m
[ 19%] [32mBuilding CXX object src/CMakeFiles/XyceLib.dir/DeviceModelPKG/OpenModels/N_DEV_MOSFET_B4.C.o[0m
[ 19%] [32mBuilding CXX object src/CMakeFiles/XyceLib.dir/DeviceModelPKG/OpenModels/N_DEV_MOSFET_B4p61.C.o[0m
[ 19%] [32mBuilding CXX object src/CMakeFiles/XyceLib.dir/DeviceModelPKG/OpenModels/N_DEV_MOSFET_B4p70.C.o[0m
[ 20%] [32mBuilding CXX object src/CMakeFiles/XyceLib.dir/DeviceModelPKG/OpenModels/N_DEV_MOSFET_B4p82.C.o[0m
[ 20%] [32mBuilding CXX object src/CMakeFiles/XyceLib.dir/DeviceModelPKG/OpenModels/N_DEV_MOSFET_B3SOI.C.o[0m
[ 20%] [32mBuilding CXX object src/CMakeFiles/XyceLib.dir/DeviceModelPKG/OpenModels/N_DEV_MutIndLin.C.o[0m
[ 20%] [32mBuilding CXX object src/CMakeFiles/XyceLib.dir/DeviceModelPKG/OpenModels/N_DEV_MutIndNonLin.C.o[0m
[ 20%] [32mBuilding CXX object src/CMakeFiles/XyceLib.dir/DeviceModelPKG/OpenModels/N_DEV_MutIndNonLin2.C.o[0m
[ 21%] [32mBuilding CXX object src/CMakeFiles/XyceLib.dir/DeviceModelPKG/OpenModels/N_DEV_OpAmp.C.o[0m
[ 21%] [32mBuilding CXX object src/CMakeFiles/XyceLib.dir/DeviceModelPKG/OpenModels/N_DEV_Digital.C.o[0m
[ 21%] [32mBuilding CXX object src/CMakeFiles/XyceLib.dir/DeviceModelPKG/OpenModels/N_DEV_VDMOS.C.o[0m
[ 21%] [32mBuilding CXX object src/CMakeFiles/XyceLib.dir/DeviceModelPKG/OpenModels/N_DEV_Resistor.C.o[0m
[ 21%] [32mBuilding CXX object src/CMakeFiles/XyceLib.dir/DeviceModelPKG/OpenModels/N_DEV_Resistor3.C.o[0m
[ 22%] [32mBuilding CXX object src/CMakeFiles/XyceLib.dir/DeviceModelPKG/OpenModels/N_DEV_ThermalResistor.C.o[0m
[ 22%] [32mBuilding CXX object src/CMakeFiles/XyceLib.dir/DeviceModelPKG/OpenModels/N_DEV_SW.C.o[0m
[ 22%] [32mBuilding CXX object src/CMakeFiles/XyceLib.dir/DeviceModelPKG/OpenModels/N_DEV_TRA.C.o[0m
[ 22%] [32mBuilding CXX object src/CMakeFiles/XyceLib.dir/DeviceModelPKG/OpenModels/N_DEV_VCCS.C.o[0m
[ 22%] [32mBuilding CXX object src/CMakeFiles/XyceLib.dir/DeviceModelPKG/OpenModels/N_DEV_Vcvs.C.o[0m
[ 23%] [32mBuilding CXX object src/CMakeFiles/XyceLib.dir/DeviceModelPKG/OpenModels/N_DEV_Vsrc.C.o[0m
[ 23%] [32mBuilding CXX object src/CMakeFiles/XyceLib.dir/DeviceModelPKG/OpenModels/N_DEV_ROM.C.o[0m
[ 23%] [32mBuilding CXX object src/CMakeFiles/XyceLib.dir/DeviceModelPKG/OpenModels/N_DEV_TransLine.C.o[0m
[ 23%] [32mBuilding CXX object src/CMakeFiles/XyceLib.dir/DeviceModelPKG/OpenModels/N_DEV_PowerGrid.C.o[0m
[ 23%] [32mBuilding CXX object src/CMakeFiles/XyceLib.dir/DeviceModelPKG/OpenModels/N_DEV_PowerGridBranch.C.o[0m
[ 23%] [32mBuilding CXX object src/CMakeFiles/XyceLib.dir/DeviceModelPKG/OpenModels/N_DEV_PowerGridBusShunt.C.o[0m
[ 24%] [32mBuilding CXX object src/CMakeFiles/XyceLib.dir/DeviceModelPKG/OpenModels/N_DEV_PowerGridGenBus.C.o[0m
[ 24%] [32mBuilding CXX object src/CMakeFiles/XyceLib.dir/DeviceModelPKG/OpenModels/N_DEV_PowerGridTransformer.C.o[0m
[ 24%] [32mBuilding CXX object src/CMakeFiles/XyceLib.dir/DeviceModelPKG/OpenModels/N_DEV_AntiWindupLimiter.C.o[0m
[ 24%] [32mBuilding CXX object src/CMakeFiles/XyceLib.dir/DeviceModelPKG/OpenModels/N_DEV_YLin.C.o[0m
[ 24%] [32mBuilding CXX object src/CMakeFiles/XyceLib.dir/DeviceModelPKG/OpenModels/N_DEV_Delay.C.o[0m
[ 25%] [32mBuilding CXX object src/CMakeFiles/XyceLib.dir/DeviceModelPKG/TCADModels/N_DEV_RegisterTCADDevices.C.o[0m
[ 25%] [32mBuilding CXX object src/CMakeFiles/XyceLib.dir/DeviceModelPKG/TCADModels/N_DEV_2DPDE_DAE.C.o[0m
[ 25%] [32mBuilding CXX object src/CMakeFiles/XyceLib.dir/DeviceModelPKG/TCADModels/N_DEV_2DPDE_Output.C.o[0m
[ 25%] [32mBuilding CXX object src/CMakeFiles/XyceLib.dir/DeviceModelPKG/TCADModels/N_DEV_2DPDEInstance.C.o[0m
[ 25%] [32mBuilding CXX object src/CMakeFiles/XyceLib.dir/DeviceModelPKG/TCADModels/N_DEV_2DPDEModel.C.o[0m
[ 26%] [32mBuilding CXX object src/CMakeFiles/XyceLib.dir/DeviceModelPKG/TCADModels/N_DEV_2DPDEParam.C.o[0m
[ 26%] [32mBuilding CXX object src/CMakeFiles/XyceLib.dir/DeviceModelPKG/TCADModels/N_DEV_2DPDESetup.C.o[0m
[ 26%] [32mBuilding CXX object src/CMakeFiles/XyceLib.dir/DeviceModelPKG/TCADModels/N_DEV_BernouliSupport.C.o[0m
[ 26%] [32mBuilding CXX object src/CMakeFiles/XyceLib.dir/DeviceModelPKG/TCADModels/N_DEV_DevicePDEInstance.C.o[0m
[ 26%] [32mBuilding CXX object src/CMakeFiles/XyceLib.dir/DeviceModelPKG/TCADModels/N_DEV_DiodePDE_DAE.C.o[0m
[ 26%] [32mBuilding CXX object src/CMakeFiles/XyceLib.dir/DeviceModelPKG/TCADModels/N_DEV_DiodePDEInstance.C.o[0m
[ 27%] [32mBuilding CXX object src/CMakeFiles/XyceLib.dir/DeviceModelPKG/TCADModels/N_DEV_DiodePDEModel.C.o[0m
[ 27%] [32mBuilding CXX object src/CMakeFiles/XyceLib.dir/DeviceModelPKG/TCADModels/N_DEV_DopeInfo.C.o[0m
[ 27%] [32mBuilding CXX object src/CMakeFiles/XyceLib.dir/DeviceModelPKG/TCADModels/N_DEV_MaterialLayer.C.o[0m
[ 27%] [32mBuilding CXX object src/CMakeFiles/XyceLib.dir/DeviceModelPKG/TCADModels/N_DEV_MaterialSupport.C.o[0m
[ 27%] [32mBuilding CXX object src/CMakeFiles/XyceLib.dir/DeviceModelPKG/TCADModels/N_DEV_PDEMeshContainer.C.o[0m
[ 28%] [32mBuilding CXX object src/CMakeFiles/XyceLib.dir/DeviceModelPKG/TCADModels/N_DEV_PDE_2DMesh.C.o[0m
[ 28%] [32mBuilding CXX object src/CMakeFiles/XyceLib.dir/DeviceModelPKG/TCADModels/N_DEV_PDE_Electrode.C.o[0m
[ 28%] [32mBuilding CXX object src/CMakeFiles/XyceLib.dir/DeviceModelPKG/IBISModels/N_DEV_RegisterIBISDevices.C.o[0m
[ 28%] [32mBuilding CXX object src/CMakeFiles/XyceLib.dir/DeviceModelPKG/IBISModels/N_DEV_IBIS.C.o[0m
[ 28%] [32mBuilding CXX object src/CMakeFiles/XyceLib.dir/DeviceModelPKG/EXTSC/N_DEV_1D_Interface.C.o[0m
[ 29%] [32mBuilding CXX object src/CMakeFiles/XyceLib.dir/DeviceModelPKG/EXTSC/N_DEV_CharonInterface.C.o[0m
[ 29%] [32mBuilding CXX object src/CMakeFiles/XyceLib.dir/DeviceModelPKG/EXTSC/N_DEV_ExternCodeInterface.C.o[0m
[ 29%] [32mBuilding CXX object src/CMakeFiles/XyceLib.dir/DeviceModelPKG/EXTSC/N_DEV_ExternDevice.C.o[0m
[ 29%] [32mBuilding CXX object src/CMakeFiles/XyceLib.dir/DeviceModelPKG/EXTSC/N_DEV_RegisterExternalDevices.C.o[0m
[ 29%] [32mBuilding CXX object src/CMakeFiles/XyceLib.dir/DeviceModelPKG/EXTSC/N_DEV_XyceInterface.C.o[0m
[ 29%] [32mBuilding CXX object src/CMakeFiles/XyceLib.dir/DeviceModelPKG/ADMS/N_DEV_RegisterADMSDevices.C.o[0m
[ 30%] [32mBuilding CXX object src/CMakeFiles/XyceLib.dir/DeviceModelPKG/ADMS/N_DEV_ADMSvbic13.C.o[0m
[ 30%] [32mBuilding CXX object src/CMakeFiles/XyceLib.dir/DeviceModelPKG/ADMS/N_DEV_ADMSvbic13_4t.C.o[0m
[ 30%] [32mBuilding CXX object src/CMakeFiles/XyceLib.dir/DeviceModelPKG/ADMS/N_DEV_ADMSPSP103VA.C.o[0m
[ 30%] [32mBuilding CXX object src/CMakeFiles/XyceLib.dir/DeviceModelPKG/ADMS/N_DEV_ADMSPSP103TVA.C.o[0m
[ 30%] [32mBuilding CXX object src/CMakeFiles/XyceLib.dir/DeviceModelPKG/ADMS/N_DEV_ADMSPSP102VA.C.o[0m
[ 31%] [32mBuilding CXX object src/CMakeFiles/XyceLib.dir/DeviceModelPKG/ADMS/N_DEV_ADMSJUNCAP200.C.o[0m
[ 31%] [32mBuilding CXX object src/CMakeFiles/XyceLib.dir/DeviceModelPKG/ADMS/N_DEV_ADMSDIODE_CMC.C.o[0m
[ 31%] [32mBuilding CXX object src/CMakeFiles/XyceLib.dir/DeviceModelPKG/ADMS/N_DEV_ADMSHBT_X.C.o[0m
[ 31%] [32mBuilding CXX object src/CMakeFiles/XyceLib.dir/DeviceModelPKG/ADMS/N_DEV_ADMSbsimcmg.C.o[0m
[ 31%] [32mBuilding CXX object src/CMakeFiles/XyceLib.dir/DeviceModelPKG/ADMS/N_DEV_ADMSbsimcmg_108.C.o[0m
[ 32%] [32mBuilding CXX object src/CMakeFiles/XyceLib.dir/DeviceModelPKG/ADMS/N_DEV_ADMSbsimcmg_110.C.o[0m
[ 32%] [32mBuilding CXX object src/CMakeFiles/XyceLib.dir/DeviceModelPKG/ADMS/N_DEV_ADMSbsimcmg_111.C.o[0m
[ 32%] [32mBuilding CXX object src/CMakeFiles/XyceLib.dir/DeviceModelPKG/ADMS/N_DEV_ADMSbsim6.C.o[0m
[ 32%] [32mBuilding CXX object src/CMakeFiles/XyceLib.dir/DeviceModelPKG/ADMS/N_DEV_ADMSbsimsoi.C.o[0m
[ 32%] [32mBuilding CXX object src/CMakeFiles/XyceLib.dir/DeviceModelPKG/ADMS/N_DEV_ADMSbsimsoi450.C.o[0m
[ 32%] [32mBuilding CXX object src/CMakeFiles/XyceLib.dir/DeviceModelPKG/ADMS/N_DEV_ADMSbjt504va.C.o[0m
[ 33%] [32mBuilding CXX object src/CMakeFiles/XyceLib.dir/DeviceModelPKG/ADMS/N_DEV_ADMSbjt504tva.C.o[0m
[ 33%] [32mBuilding CXX object src/CMakeFiles/XyceLib.dir/DeviceModelPKG/ADMS/N_DEV_ADMSmvs_2_0_0_etsoi.C.o[0m
[ 33%] [32mBuilding CXX object src/CMakeFiles/XyceLib.dir/DeviceModelPKG/ADMS/N_DEV_ADMSmvs_2_0_0_hemt.C.o[0m
[ 33%] [32mBuilding CXX object src/CMakeFiles/XyceLib.dir/DeviceModelPKG/ADMS/N_DEV_ADMSmvsg_cmc.C.o[0m
[ 33%] [32mBuilding CXX object src/CMakeFiles/XyceLib.dir/DeviceModelPKG/ADMS/N_DEV_ADMShicumL2va.C.o[0m
[ 34%] [32mBuilding CXX object src/CMakeFiles/XyceLib.dir/DeviceModelPKG/ADMS/N_DEV_ADMShic0_full.C.o[0m
[ 34%] [32mBuilding CXX object src/CMakeFiles/XyceLib.dir/DeviceModelPKG/ADMS/N_DEV_ADMSl_utsoi.C.o[0m
[ 34%] [32mBuilding CXX object src/CMakeFiles/XyceLib.dir/DeviceModelPKG/ADMS/N_DEV_ADMSekv_va.C.o[0m
[ 34%] [32mBuilding CXX object src/CMakeFiles/XyceLib.dir/DeviceModelPKG/NeuronModels/N_DEV_RegisterNeuronDevices.C.o[0m
[ 34%] [32mBuilding CXX object src/CMakeFiles/XyceLib.dir/DeviceModelPKG/NeuronModels/N_DEV_Neuron.C.o[0m
[ 35%] [32mBuilding CXX object src/CMakeFiles/XyceLib.dir/DeviceModelPKG/NeuronModels/N_DEV_Neuron2.C.o[0m
[ 35%] [32mBuilding CXX object src/CMakeFiles/XyceLib.dir/DeviceModelPKG/NeuronModels/N_DEV_Neuron3.C.o[0m
[ 35%] [32mBuilding CXX object src/CMakeFiles/XyceLib.dir/DeviceModelPKG/NeuronModels/N_DEV_Neuron4.C.o[0m
[ 35%] [32mBuilding CXX object src/CMakeFiles/XyceLib.dir/DeviceModelPKG/NeuronModels/N_DEV_Neuron5.C.o[0m
[ 35%] [32mBuilding CXX object src/CMakeFiles/XyceLib.dir/DeviceModelPKG/NeuronModels/N_DEV_Neuron6.C.o[0m
[ 35%] [32mBuilding CXX object src/CMakeFiles/XyceLib.dir/DeviceModelPKG/NeuronModels/N_DEV_Neuron7.C.o[0m
[ 36%] [32mBuilding CXX object src/CMakeFiles/XyceLib.dir/DeviceModelPKG/NeuronModels/N_DEV_Neuron8.C.o[0m
[ 36%] [32mBuilding CXX object src/CMakeFiles/XyceLib.dir/DeviceModelPKG/NeuronModels/N_DEV_Neuron9.C.o[0m
[ 36%] [32mBuilding CXX object src/CMakeFiles/XyceLib.dir/DeviceModelPKG/NeuronModels/N_DEV_NeuronPop1.C.o[0m
[ 36%] [32mBuilding CXX object src/CMakeFiles/XyceLib.dir/DeviceModelPKG/NeuronModels/N_DEV_Synapse.C.o[0m
[ 36%] [32mBuilding CXX object src/CMakeFiles/XyceLib.dir/DeviceModelPKG/NeuronModels/N_DEV_Synapse2.C.o[0m
[ 37%] [32mBuilding CXX object src/CMakeFiles/XyceLib.dir/DeviceModelPKG/NeuronModels/N_DEV_Synapse3.C.o[0m
[ 37%] [32mBuilding CXX object src/CMakeFiles/XyceLib.dir/DeviceModelPKG/NeuronModels/N_DEV_Synapse4.C.o[0m
[ 37%] [32mBuilding CXX object src/CMakeFiles/XyceLib.dir/DeviceModelPKG/NeuronModels/N_DEV_MembraneModel.C.o[0m
[ 37%] [32mBuilding CXX object src/CMakeFiles/XyceLib.dir/DeviceModelPKG/NeuronModels/N_DEV_MembranePassive.C.o[0m
[ 37%] [32mBuilding CXX object src/CMakeFiles/XyceLib.dir/DeviceModelPKG/NeuronModels/N_DEV_MembraneHH.C.o[0m
[ 38%] [32mBuilding CXX object src/CMakeFiles/XyceLib.dir/DeviceModelPKG/NeuronModels/N_DEV_MembraneCS.C.o[0m
[ 38%] [32mBuilding CXX object src/CMakeFiles/XyceLib.dir/DeviceModelPKG/NeuronModels/N_DEV_MembraneUserDefined.C.o[0m
[ 38%] [32mBuilding CXX object src/CMakeFiles/XyceLib.dir/UtilityPKG/ExpressionSrc/ast.C.o[0m
[ 38%] [32mBuilding CXX object src/CMakeFiles/XyceLib.dir/UtilityPKG/ExpressionSrc/expressionGroup.C.o[0m
[ 38%] [32mBuilding CXX object src/CMakeFiles/XyceLib.dir/UtilityPKG/ExpressionSrc/newExpression.C.o[0m
[ 38%] [32mBuilding CXX object src/CMakeFiles/XyceLib.dir/UtilityPKG/ExpressionSrc/deviceExpressionGroup.C.o[0m
[ 39%] [32mBuilding CXX object src/CMakeFiles/XyceLib.dir/UtilityPKG/ExpressionSrc/mainXyceExpressionGroup.C.o[0m
[ 39%] [32mBuilding CXX object src/CMakeFiles/XyceLib.dir/UtilityPKG/ExpressionSrc/outputsXyceExpressionGroup.C.o[0m
[ 39%] [32mBuilding CXX object src/CMakeFiles/XyceLib.dir/UtilityPKG/N_UTL_BasicFFT_Interface.C.o[0m
[ 39%] [32mBuilding CXX object src/CMakeFiles/XyceLib.dir/UtilityPKG/N_UTL_BreakPoint.C.o[0m
[ 39%] [32mBuilding CXX object src/CMakeFiles/XyceLib.dir/UtilityPKG/N_UTL_Demangle.C.o[0m
[ 40%] [32mBuilding CXX object src/CMakeFiles/XyceLib.dir/UtilityPKG/N_UTL_DeviceNameConverters.C.o[0m
[ 40%] [32mBuilding CXX object src/CMakeFiles/XyceLib.dir/UtilityPKG/N_UTL_Diagnostic.C.o[0m
[ 40%] [32mBuilding CXX object src/CMakeFiles/XyceLib.dir/UtilityPKG/N_UTL_Expression.C.o[0m
[ 40%] [32mBuilding CXX object src/CMakeFiles/XyceLib.dir/UtilityPKG/N_UTL_ExpressionData.C.o[0m
[ 40%] [32mBuilding CXX object src/CMakeFiles/XyceLib.dir/UtilityPKG/N_UTL_APFT.C.o[0m
[ 41%] [32mBuilding CXX object src/CMakeFiles/XyceLib.dir/UtilityPKG/N_UTL_FFTInterface.C.o[0m
[ 41%] [32mBuilding CXX object src/CMakeFiles/XyceLib.dir/UtilityPKG/N_UTL_LogStream.C.o[0m
[ 41%] [32mBuilding CXX object src/CMakeFiles/XyceLib.dir/UtilityPKG/N_UTL_Misc.C.o[0m
[ 41%] [32mBuilding CXX object src/CMakeFiles/XyceLib.dir/UtilityPKG/N_UTL_MathSpecialFunctions.C.o[0m
[ 41%] [32mBuilding CXX object src/CMakeFiles/XyceLib.dir/UtilityPKG/N_UTL_ExtendedString.C.o[0m
[ 41%] [32mBuilding CXX object src/CMakeFiles/XyceLib.dir/UtilityPKG/N_UTL_NoCase.C.o[0m
[ 42%] [32mBuilding CXX object src/CMakeFiles/XyceLib.dir/UtilityPKG/N_UTL_Op.C.o[0m
[ 42%] [32mBuilding CXX object src/CMakeFiles/XyceLib.dir/UtilityPKG/N_UTL_OpBuilder.C.o[0m
[ 42%] [32mBuilding CXX object src/CMakeFiles/XyceLib.dir/UtilityPKG/N_UTL_OptionBlock.C.o[0m
[ 42%] [32mBuilding CXX object src/CMakeFiles/XyceLib.dir/UtilityPKG/N_UTL_OutputAPIHelpers.C.o[0m
[ 42%] [32mBuilding CXX object src/CMakeFiles/XyceLib.dir/UtilityPKG/N_UTL_Param.C.o[0m
[ 43%] [32mBuilding CXX object src/CMakeFiles/XyceLib.dir/UtilityPKG/N_UTL_Marshal.C.o[0m
[ 43%] [32mBuilding CXX object src/CMakeFiles/XyceLib.dir/UtilityPKG/N_UTL_JSON.C.o[0m
[ 43%] [32mBuilding CXX object src/CMakeFiles/XyceLib.dir/UtilityPKG/N_UTL_SendCURL.C.o[0m
[ 43%] [32mBuilding CXX object src/CMakeFiles/XyceLib.dir/UtilityPKG/N_UTL_ReportHandler.C.o[0m
[ 43%] [32mBuilding CXX object src/CMakeFiles/XyceLib.dir/UtilityPKG/N_UTL_Timer.C.o[0m
[ 44%] [32mBuilding CXX object src/CMakeFiles/XyceLib.dir/UtilityPKG/N_UTL_CPUTime.C.o[0m
[ 44%] [32mBuilding CXX object src/CMakeFiles/XyceLib.dir/UtilityPKG/N_UTL_MallocUsed.C.o[0m
[ 44%] [32mBuilding CXX object src/CMakeFiles/XyceLib.dir/UtilityPKG/N_UTL_FormatMemorySize.C.o[0m
[ 44%] [32mBuilding CXX object src/CMakeFiles/XyceLib.dir/UtilityPKG/N_UTL_FormatTime.C.o[0m
[ 44%] [32mBuilding CXX object src/CMakeFiles/XyceLib.dir/UtilityPKG/N_UTL_StatMetricTraits.C.o[0m
[ 44%] [32mBuilding CXX object src/CMakeFiles/XyceLib.dir/UtilityPKG/N_UTL_Stats.C.o[0m
[ 45%] [32mBuilding CXX object src/CMakeFiles/XyceLib.dir/UtilityPKG/N_UTL_Platform.C.o[0m
[ 45%] [32mBuilding CXX object src/CMakeFiles/XyceLib.dir/UtilityPKG/N_UTL_PrintStats.C.o[0m
[ 45%] [32mBuilding CXX object src/CMakeFiles/XyceLib.dir/UtilityPKG/N_UTL_PrintTable.C.o[0m
[ 45%] [32mBuilding CXX object src/CMakeFiles/XyceLib.dir/UtilityPKG/N_UTL_WallTime.C.o[0m
[ 45%] [32mBuilding CXX object src/CMakeFiles/XyceLib.dir/UtilityPKG/N_UTL_Version.C.o[0m
[ 46%] [32mBuilding CXX object src/CMakeFiles/XyceLib.dir/UtilityPKG/N_UTL_NameLevelKey.C.o[0m
[ 46%] [32mBuilding CXX object src/CMakeFiles/XyceLib.dir/UtilityPKG/N_UTL_NetlistLocation.C.o[0m
[ 46%] [32mBuilding CXX object src/CMakeFiles/XyceLib.dir/UtilityPKG/N_UTL_NodeSymbols.C.o[0m
[ 46%] [32mBuilding CXX object src/CMakeFiles/XyceLib.dir/UtilityPKG/N_UTL_CheckIfValidFile.C.o[0m
[ 46%] [32mBuilding CXX object src/CMakeFiles/XyceLib.dir/UtilityPKG/N_UTL_RFparams.C.o[0m
[ 47%] [32mBuilding CXX object src/CMakeFiles/XyceLib.dir/ErrorHandlingPKG/N_ERH_ErrorMgr.C.o[0m
[ 47%] [32mBuilding CXX object src/CMakeFiles/XyceLib.dir/ErrorHandlingPKG/N_ERH_Message.C.o[0m
[ 47%] [32mBuilding CXX object src/CMakeFiles/XyceLib.dir/ErrorHandlingPKG/N_ERH_Messenger.C.o[0m
[ 47%] [32mBuilding CXX object src/CMakeFiles/XyceLib.dir/ErrorHandlingPKG/N_ERH_Progress.C.o[0m
[ 47%] [32mBuilding CXX object src/CMakeFiles/XyceLib.dir/IOInterfacePKG/Output/N_IO_MeasureManager.C.o[0m
[ 48%] [32mBuilding CXX object src/CMakeFiles/XyceLib.dir/IOInterfacePKG/Output/N_IO_MeasureBase.C.o[0m
[ 48%] [32mBuilding CXX object src/CMakeFiles/XyceLib.dir/IOInterfacePKG/Output/N_IO_MeasureExtrema.C.o[0m
[ 48%] [32mBuilding CXX object src/CMakeFiles/XyceLib.dir/IOInterfacePKG/Output/N_IO_MeasureStats.C.o[0m
[ 48%] [32mBuilding CXX object src/CMakeFiles/XyceLib.dir/IOInterfacePKG/Output/N_IO_MeasureTranStats.C.o[0m
[ 48%] [32mBuilding CXX object src/CMakeFiles/XyceLib.dir/IOInterfacePKG/Output/N_IO_MeasureRiseFallDelay.C.o[0m
[ 48%] [32mBuilding CXX object src/CMakeFiles/XyceLib.dir/IOInterfacePKG/Output/N_IO_MeasureTrigTarg.C.o[0m
[ 50%] [32mBuilding CXX object src/CMakeFiles/XyceLib.dir/IOInterfacePKG/Output/N_IO_MeasureAverage.C.o[0m
[ 50%] [32mBuilding CXX object src/CMakeFiles/XyceLib.dir/IOInterfacePKG/Output/N_IO_MeasureDuty.C.o[0m
[ 50%] [32mBuilding CXX object src/CMakeFiles/XyceLib.dir/IOInterfacePKG/Output/N_IO_MeasureErrorFunctions.C.o[0m
[ 50%] [32mBuilding CXX object src/CMakeFiles/XyceLib.dir/IOInterfacePKG/Output/N_IO_MeasureFrequency.C.o[0m
[ 50%] [32mBuilding CXX object src/CMakeFiles/XyceLib.dir/IOInterfacePKG/Output/N_IO_MeasureMax.C.o[0m
[ 51%] [32mBuilding CXX object src/CMakeFiles/XyceLib.dir/IOInterfacePKG/Output/N_IO_MeasureMin.C.o[0m
[ 51%] [32mBuilding CXX object src/CMakeFiles/XyceLib.dir/IOInterfacePKG/Output/N_IO_MeasureOffTime.C.o[0m
[ 51%] [32mBuilding CXX object src/CMakeFiles/XyceLib.dir/IOInterfacePKG/Output/N_IO_MeasureOnTime.C.o[0m
[ 51%] [32mBuilding CXX object src/CMakeFiles/XyceLib.dir/IOInterfacePKG/Output/N_IO_MeasurePeakToPeak.C.o[0m
[ 51%] [32mBuilding CXX object src/CMakeFiles/XyceLib.dir/IOInterfacePKG/Output/N_IO_MeasureRMS.C.o[0m
[ 52%] [32mBuilding CXX object src/CMakeFiles/XyceLib.dir/IOInterfacePKG/Output/N_IO_MeasureWhenAT.C.o[0m
[ 52%] [32mBuilding CXX object src/CMakeFiles/XyceLib.dir/IOInterfacePKG/Output/N_IO_MeasureFindWhen.C.o[0m
[ 52%] [32mBuilding CXX object src/CMakeFiles/XyceLib.dir/IOInterfacePKG/Output/N_IO_MeasureEquationEvaluation.C.o[0m
[ 52%] [32mBuilding CXX object src/CMakeFiles/XyceLib.dir/IOInterfacePKG/Output/N_IO_MeasureDerivativeEvaluation.C.o[0m
[ 52%] [32mBuilding CXX object src/CMakeFiles/XyceLib.dir/IOInterfacePKG/Output/N_IO_MeasureIntegralEvaluation.C.o[0m
[ 52%] [32mBuilding CXX object src/CMakeFiles/XyceLib.dir/IOInterfacePKG/Output/N_IO_MeasureError.C.o[0m
[ 53%] [32mBuilding CXX object src/CMakeFiles/XyceLib.dir/IOInterfacePKG/Output/N_IO_MeasureFourier.C.o[0m
[ 53%] [32mBuilding CXX object src/CMakeFiles/XyceLib.dir/IOInterfacePKG/Output/N_IO_MeasureFFT.C.o[0m
[ 53%] [32mBuilding CXX object src/CMakeFiles/XyceLib.dir/IOInterfacePKG/Output/N_IO_Remeasure.C.o[0m
[ 53%] [32mBuilding CXX object src/CMakeFiles/XyceLib.dir/IOInterfacePKG/N_IO_CmdParse.C.o[0m
[ 53%] [32mBuilding CXX object src/CMakeFiles/XyceLib.dir/IOInterfacePKG/N_IO_NetlistImportTool.C.o[0m
[ 54%] [32mBuilding CXX object src/CMakeFiles/XyceLib.dir/IOInterfacePKG/N_IO_DistToolFactory.C.o[0m
[ 54%] [32mBuilding CXX object src/CMakeFiles/XyceLib.dir/IOInterfacePKG/N_IO_DistToolDefault.C.o[0m
[ 54%] [32mBuilding CXX object src/CMakeFiles/XyceLib.dir/IOInterfacePKG/N_IO_DistToolDevBalanced.C.o[0m
[ 54%] [32mBuilding CXX object src/CMakeFiles/XyceLib.dir/IOInterfacePKG/N_IO_DistToolFlatRoundRobin.C.o[0m
[ 54%] [32mBuilding CXX object src/CMakeFiles/XyceLib.dir/IOInterfacePKG/N_IO_DistToolBase.C.o[0m
[ 55%] [32mBuilding CXX object src/CMakeFiles/XyceLib.dir/IOInterfacePKG/N_IO_ExtOutWrapper.C.o[0m
[ 55%] [32mBuilding CXX object src/CMakeFiles/XyceLib.dir/IOInterfacePKG/N_IO_MORAnalysisTool.C.o[0m
[ 55%] [32mBuilding CXX object src/CMakeFiles/XyceLib.dir/IOInterfacePKG/N_IO_OutputMgr.C.o[0m
[ 55%] [32mBuilding CXX object src/CMakeFiles/XyceLib.dir/IOInterfacePKG/N_IO_ParsingMgr.C.o[0m
[ 55%] [32mBuilding CXX object src/CMakeFiles/XyceLib.dir/IOInterfacePKG/N_IO_LoadManager.C.o[0m
[ 55%] [32mBuilding CXX object src/CMakeFiles/XyceLib.dir/IOInterfacePKG/N_IO_OutputResponse.C.o[0m
[ 56%] [32mBuilding CXX object src/CMakeFiles/XyceLib.dir/IOInterfacePKG/N_IO_OutputMacroResults.C.o[0m
[ 56%] [32mBuilding CXX object src/CMakeFiles/XyceLib.dir/IOInterfacePKG/N_IO_OutputMOR.C.o[0m
[ 56%] [32mBuilding CXX object src/CMakeFiles/XyceLib.dir/IOInterfacePKG/N_IO_OutputROM.C.o[0m
[ 56%] [32mBuilding CXX object src/CMakeFiles/XyceLib.dir/IOInterfacePKG/N_IO_OutputResults.C.o[0m
[ 56%] [32mBuilding CXX object src/CMakeFiles/XyceLib.dir/IOInterfacePKG/N_IO_OutputFileBase.C.o[0m
[ 57%] [32mBuilding CXX object src/CMakeFiles/XyceLib.dir/IOInterfacePKG/N_IO_OutputPrn.C.o[0m
[ 57%] [32mBuilding CXX object src/CMakeFiles/XyceLib.dir/IOInterfacePKG/N_IO_OutputCsd.C.o[0m
[ 57%] [32mBuilding CXX object src/CMakeFiles/XyceLib.dir/IOInterfacePKG/N_IO_PrintDeviceCount.C.o[0m
[ 57%] [32mBuilding CXX object src/CMakeFiles/XyceLib.dir/IOInterfacePKG/N_IO_InitialConditions.C.o[0m
[ 57%] [32mBuilding CXX object src/CMakeFiles/XyceLib.dir/IOInterfacePKG/N_IO_OutputterExternal.C.o[0m
[ 58%] [32mBuilding CXX object src/CMakeFiles/XyceLib.dir/IOInterfacePKG/N_IO_OutputterLocal.C.o[0m
[ 58%] [32mBuilding CXX object src/CMakeFiles/XyceLib.dir/IOInterfacePKG/N_IO_OutputterFrequencyCSV.C.o[0m
[ 58%] [32mBuilding CXX object src/CMakeFiles/XyceLib.dir/IOInterfacePKG/N_IO_OutputterFrequencyPrn.C.o[0m
[ 58%] [32mBuilding CXX object src/CMakeFiles/XyceLib.dir/IOInterfacePKG/N_IO_OutputterFrequencyProbe.C.o[0m
[ 58%] [32mBuilding CXX object src/CMakeFiles/XyceLib.dir/IOInterfacePKG/N_IO_OutputterFrequencyRaw.C.o[0m
[ 58%] [32mBuilding CXX object src/CMakeFiles/XyceLib.dir/IOInterfacePKG/N_IO_OutputterFrequencyRawASCII.C.o[0m
[ 59%] [32mBuilding CXX object src/CMakeFiles/XyceLib.dir/IOInterfacePKG/N_IO_OutputterFrequencyTecplot.C.o[0m
[ 59%] [32mBuilding CXX object src/CMakeFiles/XyceLib.dir/IOInterfacePKG/N_IO_OutputterHBTimeCSV.C.o[0m
[ 59%] [32mBuilding CXX object src/CMakeFiles/XyceLib.dir/IOInterfacePKG/N_IO_OutputterHBFreqCSV.C.o[0m
[ 59%] [32mBuilding CXX object src/CMakeFiles/XyceLib.dir/IOInterfacePKG/N_IO_OutputterHBICCSV.C.o[0m
[ 59%] [32mBuilding CXX object src/CMakeFiles/XyceLib.dir/IOInterfacePKG/N_IO_OutputterHBTimePrn.C.o[0m
[ 60%] [32mBuilding CXX object src/CMakeFiles/XyceLib.dir/IOInterfacePKG/N_IO_OutputterHBFreqPrn.C.o[0m
[ 60%] [32mBuilding CXX object src/CMakeFiles/XyceLib.dir/IOInterfacePKG/N_IO_OutputterHBICPrn.C.o[0m
[ 60%] [32mBuilding CXX object src/CMakeFiles/XyceLib.dir/IOInterfacePKG/N_IO_OutputterHBTimeTecplot.C.o[0m
[ 60%] [32mBuilding CXX object src/CMakeFiles/XyceLib.dir/IOInterfacePKG/N_IO_OutputterHBFreqTecplot.C.o[0m
[ 60%] [32mBuilding CXX object src/CMakeFiles/XyceLib.dir/IOInterfacePKG/N_IO_OutputterHBICTecplot.C.o[0m
[ 61%] [32mBuilding CXX object src/CMakeFiles/XyceLib.dir/IOInterfacePKG/N_IO_OutputterHomotopy.C.o[0m
[ 61%] [32mBuilding CXX object src/CMakeFiles/XyceLib.dir/IOInterfacePKG/N_IO_OutputterHomotopyCSV.C.o[0m
[ 61%] [32mBuilding CXX object src/CMakeFiles/XyceLib.dir/IOInterfacePKG/N_IO_OutputterHomotopyPrn.C.o[0m
[ 61%] [32mBuilding CXX object src/CMakeFiles/XyceLib.dir/IOInterfacePKG/N_IO_OutputterHomotopyTecplot.C.o[0m
[ 61%] [32mBuilding CXX object src/CMakeFiles/XyceLib.dir/IOInterfacePKG/N_IO_OutputterMPDEPrn.C.o[0m
[ 61%] [32mBuilding CXX object src/CMakeFiles/XyceLib.dir/IOInterfacePKG/N_IO_OutputterMPDECSV.C.o[0m
[ 62%] [32mBuilding CXX object src/CMakeFiles/XyceLib.dir/IOInterfacePKG/N_IO_OutputterMPDETecplot.C.o[0m
[ 62%] [32mBuilding CXX object src/CMakeFiles/XyceLib.dir/IOInterfacePKG/N_IO_OutputterOverrideRaw.C.o[0m
[ 62%] [32mBuilding CXX object src/CMakeFiles/XyceLib.dir/IOInterfacePKG/N_IO_OutputterOverrideRawASCII.C.o[0m
[ 62%] [32mBuilding CXX object src/CMakeFiles/XyceLib.dir/IOInterfacePKG/N_IO_OutputterNoisePrn.C.o[0m
[ 62%] [32mBuilding CXX object src/CMakeFiles/XyceLib.dir/IOInterfacePKG/N_IO_OutputterNoiseCSV.C.o[0m
[ 63%] [32mBuilding CXX object src/CMakeFiles/XyceLib.dir/IOInterfacePKG/N_IO_OutputterNoiseTecplot.C.o[0m
[ 63%] [32mBuilding CXX object src/CMakeFiles/XyceLib.dir/IOInterfacePKG/N_IO_OutputterPCECSV.C.o[0m
[ 63%] [32mBuilding CXX object src/CMakeFiles/XyceLib.dir/IOInterfacePKG/N_IO_OutputterPCEPrn.C.o[0m
[ 63%] [32mBuilding CXX object src/CMakeFiles/XyceLib.dir/IOInterfacePKG/N_IO_OutputterPCETecplot.C.o[0m
[ 63%] [32mBuilding CXX object src/CMakeFiles/XyceLib.dir/IOInterfacePKG/N_IO_OutputterSensitivityPrn.C.o[0m
[ 64%] [32mBuilding CXX object src/CMakeFiles/XyceLib.dir/IOInterfacePKG/N_IO_OutputterSensitivityCSV.C.o[0m
[ 64%] [32mBuilding CXX object src/CMakeFiles/XyceLib.dir/IOInterfacePKG/N_IO_OutputterSensitivityTecplot.C.o[0m
[ 64%] [32mBuilding CXX object src/CMakeFiles/XyceLib.dir/IOInterfacePKG/N_IO_OutputterSensitivityDakota.C.o[0m
[ 64%] [32mBuilding CXX object src/CMakeFiles/XyceLib.dir/IOInterfacePKG/N_IO_OutputterSensitivityACPrn.C.o[0m
[ 64%] [32mBuilding CXX object src/CMakeFiles/XyceLib.dir/IOInterfacePKG/N_IO_OutputterSensitivityACCSV.C.o[0m
[ 64%] [32mBuilding CXX object src/CMakeFiles/XyceLib.dir/IOInterfacePKG/N_IO_OutputterSensitivityACTecplot.C.o[0m
[ 65%] [32mBuilding CXX object src/CMakeFiles/XyceLib.dir/IOInterfacePKG/N_IO_OutputterSParamTS1.C.o[0m
[ 65%] [32mBuilding CXX object src/CMakeFiles/XyceLib.dir/IOInterfacePKG/N_IO_OutputterSParamTS2.C.o[0m
[ 65%] [32mBuilding CXX object src/CMakeFiles/XyceLib.dir/IOInterfacePKG/N_IO_OutputterTimeCSV.C.o[0m
[ 65%] [32mBuilding CXX object src/CMakeFiles/XyceLib.dir/IOInterfacePKG/N_IO_OutputterTimePrn.C.o[0m
[ 65%] [32mBuilding CXX object src/CMakeFiles/XyceLib.dir/IOInterfacePKG/N_IO_OutputterTimeProbe.C.o[0m
[ 66%] [32mBuilding CXX object src/CMakeFiles/XyceLib.dir/IOInterfacePKG/N_IO_OutputterTimeRaw.C.o[0m
[ 66%] [32mBuilding CXX object src/CMakeFiles/XyceLib.dir/IOInterfacePKG/N_IO_OutputterTimeRawASCII.C.o[0m
[ 66%] [32mBuilding CXX object src/CMakeFiles/XyceLib.dir/IOInterfacePKG/N_IO_OutputterTimeTecplot.C.o[0m
[ 66%] [32mBuilding CXX object src/CMakeFiles/XyceLib.dir/IOInterfacePKG/N_IO_Probe.C.o[0m
[ 66%] [32mBuilding CXX object src/CMakeFiles/XyceLib.dir/IOInterfacePKG/N_IO_Tecplot.C.o[0m
[ 67%] [32mBuilding CXX object src/CMakeFiles/XyceLib.dir/IOInterfacePKG/N_IO_Outputter.C.o[0m
[ 67%] [32mBuilding CXX object src/CMakeFiles/XyceLib.dir/IOInterfacePKG/N_IO_OutputterAC.C.o[0m
[ 67%] [32mBuilding CXX object src/CMakeFiles/XyceLib.dir/IOInterfacePKG/N_IO_OutputterDC.C.o[0m
[ 67%] [32mBuilding CXX object src/CMakeFiles/XyceLib.dir/IOInterfacePKG/N_IO_OutputterHB.C.o[0m
[ 67%] [32mBuilding CXX object src/CMakeFiles/XyceLib.dir/IOInterfacePKG/N_IO_OutputterMPDE.C.o[0m
[ 67%] [32mBuilding CXX object src/CMakeFiles/XyceLib.dir/IOInterfacePKG/N_IO_OutputterRawOverride.C.o[0m
[ 68%] [32mBuilding CXX object src/CMakeFiles/XyceLib.dir/IOInterfacePKG/N_IO_OutputterNoise.C.o[0m
[ 68%] [32mBuilding CXX object src/CMakeFiles/XyceLib.dir/IOInterfacePKG/N_IO_OutputterPCE.C.o[0m
[ 68%] [32mBuilding CXX object src/CMakeFiles/XyceLib.dir/IOInterfacePKG/N_IO_OutputterSensitivity.C.o[0m
[ 68%] [32mBuilding CXX object src/CMakeFiles/XyceLib.dir/IOInterfacePKG/N_IO_OutputterSParam.C.o[0m
[ 68%] [32mBuilding CXX object src/CMakeFiles/XyceLib.dir/IOInterfacePKG/N_IO_OutputterTransient.C.o[0m
[ 69%] [32mBuilding CXX object src/CMakeFiles/XyceLib.dir/IOInterfacePKG/N_IO_RestartMgr.C.o[0m
[ 69%] [32mBuilding CXX object src/CMakeFiles/XyceLib.dir/IOInterfacePKG/N_IO_SpiceSeparatedFieldTool.C.o[0m
[ 69%] [32mBuilding CXX object src/CMakeFiles/XyceLib.dir/IOInterfacePKG/N_IO_CircuitMetadata.C.o[0m
[ 69%] [32mBuilding CXX object src/CMakeFiles/XyceLib.dir/IOInterfacePKG/N_IO_CircuitBlock.C.o[0m
[ 69%] [32mBuilding CXX object src/CMakeFiles/XyceLib.dir/IOInterfacePKG/N_IO_CircuitContext.C.o[0m
[ 70%] [32mBuilding CXX object src/CMakeFiles/XyceLib.dir/IOInterfacePKG/N_IO_DeviceBlock.C.o[0m
[ 70%] [32mBuilding CXX object src/CMakeFiles/XyceLib.dir/IOInterfacePKG/N_IO_OptionBlock.C.o[0m
[ 70%] [32mBuilding CXX object src/CMakeFiles/XyceLib.dir/IOInterfacePKG/N_IO_ParameterBlock.C.o[0m
[ 70%] [32mBuilding CXX object src/CMakeFiles/XyceLib.dir/IOInterfacePKG/N_IO_Report.C.o[0m
[ 70%] [32mBuilding CXX object src/CMakeFiles/XyceLib.dir/IOInterfacePKG/N_IO_FunctionBlock.C.o[0m
[ 70%] [32mBuilding CXX object src/CMakeFiles/XyceLib.dir/IOInterfacePKG/N_IO_RestartNode.C.o[0m
[ 71%] [32mBuilding CXX object src/CMakeFiles/XyceLib.dir/IOInterfacePKG/N_IO_Op.C.o[0m
[ 71%] [32mBuilding CXX object src/CMakeFiles/XyceLib.dir/IOInterfacePKG/N_IO_OpBuilders.C.o[0m
[ 71%] [32mBuilding CXX object src/CMakeFiles/XyceLib.dir/IOInterfacePKG/N_IO_ActiveOutput.C.o[0m
[ 71%] [32mBuilding CXX object src/CMakeFiles/XyceLib.dir/IOInterfacePKG/N_IO_mmio.C.o[0m
[ 71%] [32mBuilding CXX object src/CMakeFiles/XyceLib.dir/IOInterfacePKG/N_IO_PkgOptionsMgr.C.o[0m
[ 72%] [32mBuilding CXX object src/CMakeFiles/XyceLib.dir/IOInterfacePKG/N_IO_FourierMgr.C.o[0m
[ 72%] [32mBuilding CXX object src/CMakeFiles/XyceLib.dir/IOInterfacePKG/N_IO_FFTMgr.C.o[0m
[ 72%] [32mBuilding CXX object src/CMakeFiles/XyceLib.dir/IOInterfacePKG/N_IO_FFTAnalysis.C.o[0m
[ 72%] [32mBuilding CXX object src/CMakeFiles/XyceLib.dir/IOInterfacePKG/N_IO_ParsingHelpers.C.o[0m
[ 72%] [32mBuilding CXX object src/CMakeFiles/XyceLib.dir/IOInterfacePKG/N_IO_OutputterEmbeddedSamplingTecplot.C.o[0m
[ 73%] [32mBuilding CXX object src/CMakeFiles/XyceLib.dir/IOInterfacePKG/N_IO_OutputterEmbeddedSamplingPrn.C.o[0m
[ 73%] [32mBuilding CXX object src/CMakeFiles/XyceLib.dir/IOInterfacePKG/N_IO_OutputterEmbeddedSamplingCSV.C.o[0m
[ 73%] [32mBuilding CXX object src/CMakeFiles/XyceLib.dir/IOInterfacePKG/N_IO_OutputterEmbeddedSampling.C.o[0m
[ 73%] [32mBuilding CXX object src/CMakeFiles/XyceLib.dir/IOInterfacePKG/N_IO_WildcardSupport.C.o[0m
[ 73%] [32mBuilding CXX object src/CMakeFiles/XyceLib.dir/LinearAlgebraServicesPKG/N_LAS_Amesos2Solver.C.o[0m
[ 74%] [32mBuilding CXX object src/CMakeFiles/XyceLib.dir/LinearAlgebraServicesPKG/N_LAS_KSparseSolver.C.o[0m
[ 74%] [32mBuilding CXX object src/CMakeFiles/XyceLib.dir/LinearAlgebraServicesPKG/ksparse/Epetra_CrsKundertSparse.C.o[0m
[ 74%] [32mBuilding C object src/CMakeFiles/XyceLib.dir/LinearAlgebraServicesPKG/ksparse/alloc.c.o[0m
[ 74%] [32mBuilding C object src/CMakeFiles/XyceLib.dir/LinearAlgebraServicesPKG/ksparse/spalloc.c.o[0m
[ 74%] [32mBuilding C object src/CMakeFiles/XyceLib.dir/LinearAlgebraServicesPKG/ksparse/spbuild.c.o[0m
[ 74%] [32mBuilding C object src/CMakeFiles/XyceLib.dir/LinearAlgebraServicesPKG/ksparse/spfactor.c.o[0m
[ 75%] [32mBuilding C object src/CMakeFiles/XyceLib.dir/LinearAlgebraServicesPKG/ksparse/spoutput.c.o[0m
[ 75%] [32mBuilding C object src/CMakeFiles/XyceLib.dir/LinearAlgebraServicesPKG/ksparse/spsolve.c.o[0m
[ 75%] [32mBuilding C object src/CMakeFiles/XyceLib.dir/LinearAlgebraServicesPKG/ksparse/sputils.c.o[0m
[ 75%] [32mBuilding CXX object src/CMakeFiles/XyceLib.dir/LinearAlgebraServicesPKG/N_LAS_BelosSolver.C.o[0m
[ 75%] [32mBuilding CXX object src/CMakeFiles/XyceLib.dir/LinearAlgebraServicesPKG/N_LAS_SimpleSolver.C.o[0m
[ 76%] [32mBuilding CXX object src/CMakeFiles/XyceLib.dir/LinearAlgebraServicesPKG/N_LAS_IRSolver.C.o[0m
[ 76%] [32mBuilding CXX object src/CMakeFiles/XyceLib.dir/LinearAlgebraServicesPKG/N_LAS_AmesosSolver.C.o[0m
[ 76%] [32mBuilding CXX object src/CMakeFiles/XyceLib.dir/LinearAlgebraServicesPKG/N_LAS_AztecOOSolver.C.o[0m
[ 76%] [32mBuilding CXX object src/CMakeFiles/XyceLib.dir/LinearAlgebraServicesPKG/N_LAS_BlockSystemHelpers.C.o[0m
[ 76%] [32mBuilding CXX object src/CMakeFiles/XyceLib.dir/LinearAlgebraServicesPKG/N_LAS_EpetraBlockMatrix.C.o[0m
[ 77%] [32mBuilding CXX object src/CMakeFiles/XyceLib.dir/LinearAlgebraServicesPKG/N_LAS_EpetraBlockMultiVector.C.o[0m
[ 77%] [32mBuilding CXX object src/CMakeFiles/XyceLib.dir/LinearAlgebraServicesPKG/N_LAS_EpetraBlockVector.C.o[0m
[ 77%] [32mBuilding CXX object src/CMakeFiles/XyceLib.dir/LinearAlgebraServicesPKG/N_LAS_EpetraGraph.C.o[0m
[ 77%] [32mBuilding CXX object src/CMakeFiles/XyceLib.dir/LinearAlgebraServicesPKG/N_LAS_EpetraHelpers.C.o[0m
[ 77%] [32mBuilding CXX object src/CMakeFiles/XyceLib.dir/LinearAlgebraServicesPKG/N_LAS_EpetraImporter.C.o[0m
[ 77%] [32mBuilding CXX object src/CMakeFiles/XyceLib.dir/LinearAlgebraServicesPKG/N_LAS_EpetraMatrix.C.o[0m
[ 78%] [32mBuilding CXX object src/CMakeFiles/XyceLib.dir/LinearAlgebraServicesPKG/N_LAS_EpetraMultiVector.C.o[0m
[ 78%] [32mBuilding CXX object src/CMakeFiles/XyceLib.dir/LinearAlgebraServicesPKG/N_LAS_EpetraProblem.C.o[0m
[ 78%] [32mBuilding CXX object src/CMakeFiles/XyceLib.dir/LinearAlgebraServicesPKG/N_LAS_EpetraVector.C.o[0m
[ 78%] [32mBuilding CXX object src/CMakeFiles/XyceLib.dir/LinearAlgebraServicesPKG/N_LAS_MatrixFreeEpetraOperator.C.o[0m
[ 78%] [32mBuilding CXX object src/CMakeFiles/XyceLib.dir/LinearAlgebraServicesPKG/N_LAS_Builder.C.o[0m
[ 79%] [32mBuilding CXX object src/CMakeFiles/XyceLib.dir/LinearAlgebraServicesPKG/N_LAS_HBDirectSolver.C.o[0m
[ 79%] [32mBuilding CXX object src/CMakeFiles/XyceLib.dir/LinearAlgebraServicesPKG/N_LAS_ESDirectSolver.C.o[0m
[ 79%] [32mBuilding CXX object src/CMakeFiles/XyceLib.dir/LinearAlgebraServicesPKG/N_LAS_PCEDirectSolver.C.o[0m
[ 79%] [32mBuilding CXX object src/CMakeFiles/XyceLib.dir/LinearAlgebraServicesPKG/N_LAS_HBBlockJacobiPrecond.C.o[0m
[ 79%] [32mBuilding CXX object src/CMakeFiles/XyceLib.dir/LinearAlgebraServicesPKG/N_LAS_HBBlockJacobiEpetraOperator.C.o[0m
[ 80%] [32mBuilding CXX object src/CMakeFiles/XyceLib.dir/LinearAlgebraServicesPKG/N_LAS_ESBuilder.C.o[0m
[ 80%] [32mBuilding CXX object src/CMakeFiles/XyceLib.dir/LinearAlgebraServicesPKG/N_LAS_PCEBuilder.C.o[0m
[ 80%] [32mBuilding CXX object src/CMakeFiles/XyceLib.dir/LinearAlgebraServicesPKG/N_LAS_HBBuilder.C.o[0m
[ 80%] [32mBuilding CXX object src/CMakeFiles/XyceLib.dir/LinearAlgebraServicesPKG/N_LAS_HBPrecondFactory.C.o[0m
[ 80%] [32mBuilding CXX object src/CMakeFiles/XyceLib.dir/LinearAlgebraServicesPKG/N_LAS_HBSolverFactory.C.o[0m
[ 80%] [32mBuilding CXX object src/CMakeFiles/XyceLib.dir/LinearAlgebraServicesPKG/N_LAS_ESSolverFactory.C.o[0m
[ 81%] [32mBuilding CXX object src/CMakeFiles/XyceLib.dir/LinearAlgebraServicesPKG/N_LAS_PCESolverFactory.C.o[0m
[ 81%] [32mBuilding CXX object src/CMakeFiles/XyceLib.dir/LinearAlgebraServicesPKG/N_LAS_IfpackPrecond.C.o[0m
[ 81%] [32mBuilding CXX object src/CMakeFiles/XyceLib.dir/LinearAlgebraServicesPKG/N_LAS_FilteredMatrix.C.o[0m
[ 81%] [32mBuilding CXX object src/CMakeFiles/XyceLib.dir/LinearAlgebraServicesPKG/N_LAS_FilteredMultiVector.C.o[0m
[ 81%] [32mBuilding CXX object src/CMakeFiles/XyceLib.dir/LinearAlgebraServicesPKG/N_LAS_MOROperators.C.o[0m
[ 82%] [32mBuilding CXX object src/CMakeFiles/XyceLib.dir/LinearAlgebraServicesPKG/N_LAS_Problem.C.o[0m
[ 82%] [32mBuilding CXX object src/CMakeFiles/XyceLib.dir/LinearAlgebraServicesPKG/N_LAS_QueryUtil.C.o[0m
[ 82%] [32mBuilding CXX object src/CMakeFiles/XyceLib.dir/LinearAlgebraServicesPKG/N_LAS_TranSolverFactory.C.o[0m
[ 82%] [32mBuilding CXX object src/CMakeFiles/XyceLib.dir/LinearAlgebraServicesPKG/N_LAS_System.C.o[0m
[ 82%] [32mBuilding CXX object src/CMakeFiles/XyceLib.dir/LinearAlgebraServicesPKG/N_LAS_SystemHelpers.C.o[0m
[ 83%] [32mBuilding CXX object src/CMakeFiles/XyceLib.dir/LinearAlgebraServicesPKG/N_LAS_TransformTool.C.o[0m
[ 83%] [32mBuilding CXX object src/CMakeFiles/XyceLib.dir/LinearAlgebraServicesPKG/N_LAS_TrilinosPrecondFactory.C.o[0m
[ 83%] [32mBuilding CXX object src/CMakeFiles/XyceLib.dir/LoaderServicesPKG/N_LOA_CktLoader.C.o[0m
[ 83%] [32mBuilding CXX object src/CMakeFiles/XyceLib.dir/LoaderServicesPKG/N_LOA_HBLoader.C.o[0m
[ 83%] [32mBuilding CXX object src/CMakeFiles/XyceLib.dir/LoaderServicesPKG/N_LOA_Loader.C.o[0m
[ 83%] [32mBuilding CXX object src/CMakeFiles/XyceLib.dir/LoaderServicesPKG/N_LOA_NonlinearEquationLoader.C.o[0m
[ 84%] [32mBuilding CXX object src/CMakeFiles/XyceLib.dir/LoaderServicesPKG/N_LOA_ESLoader.C.o[0m
[ 84%] [32mBuilding CXX object src/CMakeFiles/XyceLib.dir/LoaderServicesPKG/N_LOA_PCELoader.C.o[0m
[ 84%] [32mBuilding CXX object src/CMakeFiles/XyceLib.dir/ParallelDistPKG/N_PDS_GlobalAccessor.C.o[0m
[ 84%] [32mBuilding CXX object src/CMakeFiles/XyceLib.dir/ParallelDistPKG/N_PDS_MPI.C.o[0m
[ 84%] [32mBuilding CXX object src/CMakeFiles/XyceLib.dir/ParallelDistPKG/N_PDS_Manager.C.o[0m
[ 85%] [32mBuilding CXX object src/CMakeFiles/XyceLib.dir/ParallelDistPKG/N_PDS_ParallelMachine.C.o[0m
[ 85%] [32mBuilding CXX object src/CMakeFiles/XyceLib.dir/ParallelDistPKG/N_PDS_EpetraMPIComm.C.o[0m
[ 85%] [32mBuilding CXX object src/CMakeFiles/XyceLib.dir/ParallelDistPKG/N_PDS_EpetraSerialComm.C.o[0m
[ 85%] [32mBuilding CXX object src/CMakeFiles/XyceLib.dir/ParallelDistPKG/N_PDS_EpetraHelpers.C.o[0m
[ 85%] [32mBuilding CXX object src/CMakeFiles/XyceLib.dir/ParallelDistPKG/N_PDS_EpetraParMap.C.o[0m
[ 86%] [32mBuilding CXX object src/CMakeFiles/XyceLib.dir/ParallelDistPKG/N_PDS_Node.C.o[0m
[ 86%] [32mBuilding CXX object src/CMakeFiles/XyceLib.dir/TopoManagerPKG/N_TOP_CktGraph.C.o[0m
[ 86%] [32mBuilding CXX object src/CMakeFiles/XyceLib.dir/TopoManagerPKG/N_TOP_CktGraphBasic.C.o[0m
[ 86%] [32mBuilding CXX object src/CMakeFiles/XyceLib.dir/TopoManagerPKG/N_TOP_CktNode.C.o[0m
[ 86%] [32mBuilding CXX object src/CMakeFiles/XyceLib.dir/TopoManagerPKG/N_TOP_CktNode_Dev.C.o[0m
[ 86%] [32mBuilding CXX object src/CMakeFiles/XyceLib.dir/TopoManagerPKG/N_TOP_CktNode_V.C.o[0m
[ 87%] [32mBuilding CXX object src/CMakeFiles/XyceLib.dir/TopoManagerPKG/N_TOP_Directory.C.o[0m
[ 87%] [32mBuilding CXX object src/CMakeFiles/XyceLib.dir/TopoManagerPKG/N_TOP_Indexor.C.o[0m
[ 87%] [32mBuilding CXX object src/CMakeFiles/XyceLib.dir/TopoManagerPKG/N_TOP_Node.C.o[0m
[ 87%] [32mBuilding CXX object src/CMakeFiles/XyceLib.dir/TopoManagerPKG/N_TOP_NodeDevBlock.C.o[0m
[ 87%] [32mBuilding CXX object src/CMakeFiles/XyceLib.dir/TopoManagerPKG/N_TOP_ParNode.C.o[0m
[ 88%] [32mBuilding CXX object src/CMakeFiles/XyceLib.dir/TopoManagerPKG/N_TOP_Topology.C.o[0m
[ 88%] [32mBuilding CXX object src/CMakeFiles/XyceLib.dir/TopoManagerPKG/N_TOP_SerialLSUtil.C.o[0m
[ 88%] [32mBuilding CXX object src/CMakeFiles/XyceLib.dir/TopoManagerPKG/N_TOP_ParLSUtil.C.o[0m
[ 88%] [32mBuilding CXX object src/CMakeFiles/XyceLib.dir/TopoManagerPKG/N_TOP_LSUtilFactory.C.o[0m
[ 88%] [32mBuilding CXX object src/CMakeFiles/XyceLib.dir/NonlinearSolverPKG/N_NLS_ConductanceExtractor.C.o[0m
[ 89%] [32mBuilding CXX object src/CMakeFiles/XyceLib.dir/NonlinearSolverPKG/N_NLS_DampedNewton.C.o[0m
[ 89%] [32mBuilding CXX object src/CMakeFiles/XyceLib.dir/NonlinearSolverPKG/N_NLS_LOCA_Group.C.o[0m
[ 89%] [32mBuilding CXX object src/CMakeFiles/XyceLib.dir/NonlinearSolverPKG/N_NLS_Manager.C.o[0m
[ 89%] [32mBuilding CXX object src/CMakeFiles/XyceLib.dir/NonlinearSolverPKG/N_NLS_NLParams.C.o[0m
[ 89%] [32mBuilding CXX object src/CMakeFiles/XyceLib.dir/NonlinearSolverPKG/N_NLS_NonLinearSolver.C.o[0m
[ 89%] [32mBuilding CXX object src/CMakeFiles/XyceLib.dir/NonlinearSolverPKG/N_NLS_NOX_AugmentLinSys_GStepping.C.o[0m
[ 90%] [32mBuilding CXX object src/CMakeFiles/XyceLib.dir/NonlinearSolverPKG/N_NLS_NOX_AugmentLinSys_IC.C.o[0m
[ 90%] [32mBuilding CXX object src/CMakeFiles/XyceLib.dir/NonlinearSolverPKG/N_NLS_NOX_AugmentLinSys_IC_Gmin.C.o[0m
[ 90%] [32mBuilding CXX object src/CMakeFiles/XyceLib.dir/NonlinearSolverPKG/N_NLS_NOX_AugmentLinSys_PseudoTransient.C.o[0m
[ 90%] [32mBuilding CXX object src/CMakeFiles/XyceLib.dir/NonlinearSolverPKG/N_NLS_NOX.C.o[0m
[ 90%] [32mBuilding CXX object src/CMakeFiles/XyceLib.dir/NonlinearSolverPKG/N_NLS_NOX_Group.C.o[0m
[ 91%] [32mBuilding CXX object src/CMakeFiles/XyceLib.dir/NonlinearSolverPKG/N_NLS_NOX_Interface.C.o[0m
[ 91%] [32mBuilding CXX object src/CMakeFiles/XyceLib.dir/NonlinearSolverPKG/N_NLS_NOX_ParameterSet.C.o[0m
[ 91%] [32mBuilding CXX object src/CMakeFiles/XyceLib.dir/NonlinearSolverPKG/N_NLS_NOX_PseudoTransientSolver.C.o[0m
[ 91%] [32mBuilding CXX object src/CMakeFiles/XyceLib.dir/NonlinearSolverPKG/N_NLS_NOX_PseudoTransientTest.C.o[0m
[ 91%] [32mBuilding CXX object src/CMakeFiles/XyceLib.dir/NonlinearSolverPKG/N_NLS_NOX_SharedSystem.C.o[0m
[ 92%] [32mBuilding CXX object src/CMakeFiles/XyceLib.dir/NonlinearSolverPKG/N_NLS_NOX_Vector.C.o[0m
[ 92%] [32mBuilding CXX object src/CMakeFiles/XyceLib.dir/NonlinearSolverPKG/N_NLS_NOX_XyceTests.C.o[0m
[ 92%] [32mBuilding CXX object src/CMakeFiles/XyceLib.dir/NonlinearSolverPKG/N_NLS_ParamMgr.C.o[0m
[ 92%] [32mBuilding CXX object src/CMakeFiles/XyceLib.dir/NonlinearSolverPKG/N_NLS_ReturnCodes.C.o[0m
[ 92%] [32mBuilding CXX object src/CMakeFiles/XyceLib.dir/NonlinearSolverPKG/N_NLS_Sensitivity.C.o[0m
[ 92%] [32mBuilding CXX object src/CMakeFiles/XyceLib.dir/NonlinearSolverPKG/N_NLS_SensitivityResiduals.C.o[0m
[ 93%] [32mBuilding CXX object src/CMakeFiles/XyceLib.dir/NonlinearSolverPKG/N_NLS_TwoLevelNewton.C.o[0m
[ 93%] [32mBuilding CXX object src/CMakeFiles/XyceLib.dir/TimeIntegrationPKG/N_TIA_DataStore.C.o[0m
[ 93%] [32mBuilding CXX object src/CMakeFiles/XyceLib.dir/TimeIntegrationPKG/N_TIA_NoTimeIntegration.C.o[0m
[ 93%] [32mBuilding CXX object src/CMakeFiles/XyceLib.dir/TimeIntegrationPKG/N_TIA_Gear12.C.o[0m
[ 93%] [32mBuilding CXX object src/CMakeFiles/XyceLib.dir/TimeIntegrationPKG/N_TIA_OneStep.C.o[0m
[ 94%] [32mBuilding CXX object src/CMakeFiles/XyceLib.dir/TimeIntegrationPKG/N_TIA_StepErrorControl.C.o[0m
[ 94%] [32mBuilding CXX object src/CMakeFiles/XyceLib.dir/TimeIntegrationPKG/N_TIA_TIAParams.C.o[0m
[ 94%] [32mBuilding CXX object src/CMakeFiles/XyceLib.dir/TimeIntegrationPKG/N_TIA_TimeIntegrationMethods.C.o[0m
[ 94%] [32mBuilding CXX object src/CMakeFiles/XyceLib.dir/TimeIntegrationPKG/N_TIA_TwoLevelError.C.o[0m
[ 94%] [32mBuilding CXX object src/CMakeFiles/XyceLib.dir/TimeIntegrationPKG/N_TIA_RegisterTimeIntegrationMethods.C.o[0m
[ 95%] [32mBuilding CXX object src/CMakeFiles/XyceLib.dir/TimeIntegrationPKG/N_TIA_WorkingIntegrationMethod.C.o[0m
[ 95%] [32mBuilding CXX object src/CMakeFiles/XyceLib.dir/DakotaLinkPKG/N_DAK_DakotaController.C.o[0m
[ 95%] [32mBuilding CXX object src/CMakeFiles/XyceLib.dir/DakotaLinkPKG/N_DAK_DakotaInterface.C.o[0m
[ 95%] [32mBuilding CXX object src/CMakeFiles/XyceLib.dir/MultiTimePDEPKG/N_MPDE_Builder.C.o[0m
[ 95%] [32mBuilding CXX object src/CMakeFiles/XyceLib.dir/MultiTimePDEPKG/N_MPDE_Discretization.C.o[0m
[ 95%] [32mBuilding CXX object src/CMakeFiles/XyceLib.dir/MultiTimePDEPKG/N_MPDE_Loader.C.o[0m
[ 96%] [32mBuilding CXX object src/CMakeFiles/XyceLib.dir/MultiTimePDEPKG/N_MPDE_Manager.C.o[0m
[ 96%] [32mBuilding CXX object src/CMakeFiles/XyceLib.dir/MultiTimePDEPKG/N_MPDE_SawtoothLoader.C.o[0m
[ 96%] [32mBuilding CXX object src/CMakeFiles/XyceLib.dir/MultiTimePDEPKG/N_MPDE_WarpedPhaseCondition.C.o[0m
[ 96%] [32m[1mLinking CXX static library libxyce.a[0m
gmake[3]: Leaving directory '/home/reachgao/.local/build/xyce-7.10.0-r07'
[ 96%] Built target XyceLib
gmake[3]: Entering directory '/home/reachgao/.local/build/xyce-7.10.0-r07'
gmake[3]: Entering directory '/home/reachgao/.local/build/xyce-7.10.0-r07'
gmake[3]: Leaving directory '/home/reachgao/.local/build/xyce-7.10.0-r07'
gmake[3]: Entering directory '/home/reachgao/.local/build/xyce-7.10.0-r07'
gmake[3]: Leaving directory '/home/reachgao/.local/build/xyce-7.10.0-r07'
gmake[3]: Entering directory '/home/reachgao/.local/build/xyce-7.10.0-r07'
[ 96%] [32mBuilding CXX object src/CMakeFiles/Xyce.dir/Xyce.C.o[0m
[ 96%] [32mBuilding CXX object src/test/FFTInterface/CMakeFiles/testFFTInterface.dir/testFFTInterface.C.o[0m
[ 97%] [32m[1mLinking CXX executable Xyce[0m
[ 97%] [32m[1mLinking CXX executable testFFTInterface[0m
gmake[3]: Leaving directory '/home/reachgao/.local/build/xyce-7.10.0-r07'
[ 97%] Built target testFFTInterface
gmake[3]: Entering directory '/home/reachgao/.local/build/xyce-7.10.0-r07'
gmake[3]: Leaving directory '/home/reachgao/.local/build/xyce-7.10.0-r07'
gmake[3]: Entering directory '/home/reachgao/.local/build/xyce-7.10.0-r07'
[ 97%] [32mBuilding CXX object src/test/LinearAlgebraTest/CMakeFiles/testBlockLinearSystems.dir/testBlockLinearSystems.C.o[0m
[ 98%] [32m[1mLinking CXX executable testBlockLinearSystems[0m
gmake[3]: Leaving directory '/home/reachgao/.local/build/xyce-7.10.0-r07'
[ 98%] Built target Xyce
gmake[3]: Entering directory '/home/reachgao/.local/build/xyce-7.10.0-r07'
gmake[3]: Leaving directory '/home/reachgao/.local/build/xyce-7.10.0-r07'
gmake[3]: Entering directory '/home/reachgao/.local/build/xyce-7.10.0-r07'
[ 98%] [32mBuilding CXX object src/test/DeviceInterface/CMakeFiles/DeviceInterfaceTest.dir/DeviceInterfaceTest.C.o[0m
gmake[3]: Leaving directory '/home/reachgao/.local/build/xyce-7.10.0-r07'
[ 98%] Built target testBlockLinearSystems
gmake[3]: Entering directory '/home/reachgao/.local/build/xyce-7.10.0-r07'
gmake[3]: Leaving directory '/home/reachgao/.local/build/xyce-7.10.0-r07'
gmake[3]: Entering directory '/home/reachgao/.local/build/xyce-7.10.0-r07'
[ 98%] [32mBuilding CXX object src/test/DeviceInterface/CMakeFiles/ADC_DACRunTest.dir/ADC_DACRunTest.C.o[0m
[ 98%] [32m[1mLinking CXX executable DeviceInterfaceTest[0m
[ 98%] [32m[1mLinking CXX executable ADC_DACRunTest[0m
gmake[3]: Leaving directory '/home/reachgao/.local/build/xyce-7.10.0-r07'
[ 98%] Built target DeviceInterfaceTest
gmake[3]: Entering directory '/home/reachgao/.local/build/xyce-7.10.0-r07'
gmake[3]: Leaving directory '/home/reachgao/.local/build/xyce-7.10.0-r07'
gmake[3]: Entering directory '/home/reachgao/.local/build/xyce-7.10.0-r07'
[ 98%] [32mBuilding CXX object src/test/GenExtTestHarnesses/CMakeFiles/testGenCoup.dir/testGenCoup.C.o[0m
gmake[3]: Leaving directory '/home/reachgao/.local/build/xyce-7.10.0-r07'
[ 98%] Built target ADC_DACRunTest
gmake[3]: Entering directory '/home/reachgao/.local/build/xyce-7.10.0-r07'
gmake[3]: Leaving directory '/home/reachgao/.local/build/xyce-7.10.0-r07'
gmake[3]: Entering directory '/home/reachgao/.local/build/xyce-7.10.0-r07'
[ 98%] [32mBuilding CXX object src/test/GenExtTestHarnesses/CMakeFiles/TestGH19.dir/TestGH19.C.o[0m
[100%] [32m[1mLinking CXX executable TestGH19[0m
[100%] [32m[1mLinking CXX executable testGenCoup[0m
gmake[3]: Leaving directory '/home/reachgao/.local/build/xyce-7.10.0-r07'
[100%] Built target TestGH19
gmake[3]: Entering directory '/home/reachgao/.local/build/xyce-7.10.0-r07'
gmake[3]: Leaving directory '/home/reachgao/.local/build/xyce-7.10.0-r07'
gmake[3]: Entering directory '/home/reachgao/.local/build/xyce-7.10.0-r07'
[100%] [32mBuilding CXX object src/test/GenExtTestHarnesses/CMakeFiles/TestIssue29.dir/TestIssue29.C.o[0m
gmake[3]: Leaving directory '/home/reachgao/.local/build/xyce-7.10.0-r07'
[100%] Built target testGenCoup
gmake[3]: Entering directory '/home/reachgao/.local/build/xyce-7.10.0-r07'
gmake[3]: Leaving directory '/home/reachgao/.local/build/xyce-7.10.0-r07'
gmake[3]: Entering directory '/home/reachgao/.local/build/xyce-7.10.0-r07'
[100%] [32mBuilding CXX object src/test/TwoLevelNewton/CMakeFiles/twoLevelNewtonLinearTran.dir/twoLevelNewtonLinearTran.C.o[0m
[100%] [32m[1mLinking CXX executable TestIssue29[0m
[100%] [32m[1mLinking CXX executable twoLevelNewtonLinearTran[0m
gmake[3]: Leaving directory '/home/reachgao/.local/build/xyce-7.10.0-r07'
[100%] Built target TestIssue29
gmake[3]: Leaving directory '/home/reachgao/.local/build/xyce-7.10.0-r07'
[100%] Built target twoLevelNewtonLinearTran
gmake[2]: Leaving directory '/home/reachgao/.local/build/xyce-7.10.0-r07'
[36mInstall the project...[0m
-- Install configuration: "Release"
-- Installing: /home/reachgao/.local/xyce-7.10-pure-r07/doc/README.TXT
-- Installing: /home/reachgao/.local/xyce-7.10-pure-r07/doc/CPack.OSLicense.txt
-- Installing: /home/reachgao/.local/xyce-7.10-pure-r07/lib/libxyce.a
-- Installing: /home/reachgao/.local/xyce-7.10-pure-r07/bin/Xyce
-- Set non-toolchain portion of runtime path of "/home/reachgao/.local/xyce-7.10-pure-r07/bin/Xyce" to "$ORIGIN/../lib:/home/reachgao/.local/suitesparse-7.8.3-r05/lib:/home/reachgao/.local/linear-algebra/lib"
-- Installing: /home/reachgao/.local/xyce-7.10-pure-r07/include/N_ANP_fwd.h
-- Installing: /home/reachgao/.local/xyce-7.10-pure-r07/include/N_ANP_NoiseData.h
-- Installing: /home/reachgao/.local/xyce-7.10-pure-r07/include/N_CIR_Xyce.h
-- Installing: /home/reachgao/.local/xyce-7.10-pure-r07/include/N_CIR_GenCouplingSimulator.h
-- Installing: /home/reachgao/.local/xyce-7.10-pure-r07/include/N_DEV_Configuration.h
-- Installing: /home/reachgao/.local/xyce-7.10-pure-r07/include/N_DEV_Const.h
-- Installing: /home/reachgao/.local/xyce-7.10-pure-r07/include/N_DEV_Depend.h
-- Installing: /home/reachgao/.local/xyce-7.10-pure-r07/include/N_DEV_Device.h
-- Installing: /home/reachgao/.local/xyce-7.10-pure-r07/include/N_DEV_DeviceBlock.h
-- Installing: /home/reachgao/.local/xyce-7.10-pure-r07/include/N_DEV_DeviceEntity.h
-- Installing: /home/reachgao/.local/xyce-7.10-pure-r07/include/N_DEV_DeviceInstance.h
-- Installing: /home/reachgao/.local/xyce-7.10-pure-r07/include/N_DEV_DeviceMaster.h
-- Installing: /home/reachgao/.local/xyce-7.10-pure-r07/include/N_DEV_DeviceModel.h
-- Installing: /home/reachgao/.local/xyce-7.10-pure-r07/include/N_DEV_DeviceOptions.h
-- Installing: /home/reachgao/.local/xyce-7.10-pure-r07/include/N_DEV_DeviceSupport.h
-- Installing: /home/reachgao/.local/xyce-7.10-pure-r07/include/N_DEV_InstanceName.h
-- Installing: /home/reachgao/.local/xyce-7.10-pure-r07/include/N_DEV_ExternalSimulationData.h
-- Installing: /home/reachgao/.local/xyce-7.10-pure-r07/include/N_DEV_ExternData.h
-- Installing: /home/reachgao/.local/xyce-7.10-pure-r07/include/N_DEV_fwd.h
-- Installing: /home/reachgao/.local/xyce-7.10-pure-r07/include/N_DEV_Message.h
-- Installing: /home/reachgao/.local/xyce-7.10-pure-r07/include/N_DEV_Param.h
-- Installing: /home/reachgao/.local/xyce-7.10-pure-r07/include/N_DEV_Pars.h
-- Installing: /home/reachgao/.local/xyce-7.10-pure-r07/include/N_DEV_SolverState.h
-- Installing: /home/reachgao/.local/xyce-7.10-pure-r07/include/N_DEV_Units.h
-- Installing: /home/reachgao/.local/xyce-7.10-pure-r07/include/N_DEV_VectorComputeInterface.h
-- Installing: /home/reachgao/.local/xyce-7.10-pure-r07/include/N_DEV_ADC.h
-- Installing: /home/reachgao/.local/xyce-7.10-pure-r07/include/N_DEV_DAC.h
-- Installing: /home/reachgao/.local/xyce-7.10-pure-r07/include/N_DEV_Resistor.h
-- Installing: /home/reachgao/.local/xyce-7.10-pure-r07/include/N_DEV_Capacitor.h
-- Installing: /home/reachgao/.local/xyce-7.10-pure-r07/include/N_DEV_BJT.h
-- Installing: /home/reachgao/.local/xyce-7.10-pure-r07/include/N_DEV_Diode.h
-- Installing: /home/reachgao/.local/xyce-7.10-pure-r07/include/N_DEV_JFET.h
-- Installing: /home/reachgao/.local/xyce-7.10-pure-r07/include/N_DEV_MOSFET1.h
-- Installing: /home/reachgao/.local/xyce-7.10-pure-r07/include/N_ERH_fwd.h
-- Installing: /home/reachgao/.local/xyce-7.10-pure-r07/include/N_ERH_Message.h
-- Installing: /home/reachgao/.local/xyce-7.10-pure-r07/include/N_IO_CmdParse.h
-- Installing: /home/reachgao/.local/xyce-7.10-pure-r07/include/N_IO_ExtOutInterface.h
-- Installing: /home/reachgao/.local/xyce-7.10-pure-r07/include/N_IO_HangingResistor.h
-- Installing: /home/reachgao/.local/xyce-7.10-pure-r07/include/N_IO_OutputTypes.h
-- Installing: /home/reachgao/.local/xyce-7.10-pure-r07/include/N_IO_fwd.h
-- Installing: /home/reachgao/.local/xyce-7.10-pure-r07/include/N_LAS_fwd.h
-- Installing: /home/reachgao/.local/xyce-7.10-pure-r07/include/N_LAS_Vector.h
-- Installing: /home/reachgao/.local/xyce-7.10-pure-r07/include/N_LAS_Matrix.h
-- Installing: /home/reachgao/.local/xyce-7.10-pure-r07/include/N_LAS_MultiVector.h
-- Installing: /home/reachgao/.local/xyce-7.10-pure-r07/include/N_LOA_fwd.h
-- Installing: /home/reachgao/.local/xyce-7.10-pure-r07/include/N_LOA_Loader.h
-- Installing: /home/reachgao/.local/xyce-7.10-pure-r07/include/N_NLS_fwd.h
-- Installing: /home/reachgao/.local/xyce-7.10-pure-r07/include/N_NLS_TwoLevelEnum.h
-- Installing: /home/reachgao/.local/xyce-7.10-pure-r07/include/N_PDS_Manager.h
-- Installing: /home/reachgao/.local/xyce-7.10-pure-r07/include/N_PDS_fwd.h
-- Installing: /home/reachgao/.local/xyce-7.10-pure-r07/include/N_PDS_MPI.h
-- Installing: /home/reachgao/.local/xyce-7.10-pure-r07/include/N_PDS_ParallelMachine.h
-- Installing: /home/reachgao/.local/xyce-7.10-pure-r07/include/N_PDS_Serial.h
-- Installing: /home/reachgao/.local/xyce-7.10-pure-r07/include/N_TIA_TwoLevelError.h
-- Installing: /home/reachgao/.local/xyce-7.10-pure-r07/include/N_TIA_fwd.h
-- Installing: /home/reachgao/.local/xyce-7.10-pure-r07/include/N_TOP_fwd.h
-- Installing: /home/reachgao/.local/xyce-7.10-pure-r07/include/N_UTL_BreakPoint.h
-- Installing: /home/reachgao/.local/xyce-7.10-pure-r07/include/N_UTL_Diagnostic.h
-- Installing: /home/reachgao/.local/xyce-7.10-pure-r07/include/N_UTL_Expression.h
-- Installing: /home/reachgao/.local/xyce-7.10-pure-r07/include/N_UTL_ExpressionSymbolTable.h
-- Installing: /home/reachgao/.local/xyce-7.10-pure-r07/include/N_UTL_ExpressionData.h
-- Installing: /home/reachgao/.local/xyce-7.10-pure-r07/include/N_UTL_fwd.h
-- Installing: /home/reachgao/.local/xyce-7.10-pure-r07/include/N_UTL_FeatureTest.h
-- Installing: /home/reachgao/.local/xyce-7.10-pure-r07/include/N_UTL_FormatTime.h
-- Installing: /home/reachgao/.local/xyce-7.10-pure-r07/include/N_UTL_Interface_Enum_Types.h
-- Installing: /home/reachgao/.local/xyce-7.10-pure-r07/include/N_UTL_JSON.h
-- Installing: /home/reachgao/.local/xyce-7.10-pure-r07/include/N_UTL_MachDepParams.h
-- Installing: /home/reachgao/.local/xyce-7.10-pure-r07/include/N_UTL_Marshal.h
-- Installing: /home/reachgao/.local/xyce-7.10-pure-r07/include/N_UTL_Misc.h
-- Installing: /home/reachgao/.local/xyce-7.10-pure-r07/include/N_UTL_Math.h
-- Installing: /home/reachgao/.local/xyce-7.10-pure-r07/include/N_UTL_NameLevelKey.h
-- Installing: /home/reachgao/.local/xyce-7.10-pure-r07/include/N_UTL_NetlistLocation.h
-- Installing: /home/reachgao/.local/xyce-7.10-pure-r07/include/N_UTL_NoCase.h
-- Installing: /home/reachgao/.local/xyce-7.10-pure-r07/include/N_UTL_NodeSymbols.h
-- Installing: /home/reachgao/.local/xyce-7.10-pure-r07/include/N_UTL_Op.h
-- Installing: /home/reachgao/.local/xyce-7.10-pure-r07/include/N_UTL_Pack.h
-- Installing: /home/reachgao/.local/xyce-7.10-pure-r07/include/N_UTL_Param.h
-- Installing: /home/reachgao/.local/xyce-7.10-pure-r07/include/N_UTL_ReportHandler.h
-- Installing: /home/reachgao/.local/xyce-7.10-pure-r07/include/N_UTL_Stats.h
-- Installing: /home/reachgao/.local/xyce-7.10-pure-r07/include/N_UTL_StatMetricTraits.h
-- Installing: /home/reachgao/.local/xyce-7.10-pure-r07/include/N_UTL_TypeIndex.h
-- Installing: /home/reachgao/.local/xyce-7.10-pure-r07/include/N_UTL_Xyce.h
-- Installing: /home/reachgao/.local/xyce-7.10-pure-r07/include/Xyce_config.h
-- Installing: /home/reachgao/.local/xyce-7.10-pure-r07/lib/cmake/Xyce/XyceTargets.cmake
-- Installing: /home/reachgao/.local/xyce-7.10-pure-r07/lib/cmake/Xyce/XyceTargets-release.cmake
-- Installing: /home/reachgao/.local/xyce-7.10-pure-r07/lib/cmake/Xyce/XyceConfig.cmake
-- Installing: /home/reachgao/.local/xyce-7.10-pure-r07/lib/cmake/Xyce/XyceConfigVersion.cmake
-- Installing: /home/reachgao/.local/xyce-7.10-pure-r07/include/N_CIR_XyceCInterface.h
-- Installing: /home/reachgao/.local/xyce-7.10-pure-r07/share/xyce_interface.py
-- Installing: /home/reachgao/.local/xyce-7.10-pure-r07/share/SetupPythonEnv.m
-- Installing: /home/reachgao/.local/xyce-7.10-pure-r07/share/XyceRest.py
-- Installing: /home/reachgao/.local/xyce-7.10-pure-r07/share/PythonExamples
-- Installing: /home/reachgao/.local/xyce-7.10-pure-r07/share/PythonExamples/README.txt
-- Installing: /home/reachgao/.local/xyce-7.10-pure-r07/share/PythonExamples/runACircuitInSteps
-- Installing: /home/reachgao/.local/xyce-7.10-pure-r07/share/PythonExamples/runACircuitInSteps/runACircuitInSteps.cir
-- Installing: /home/reachgao/.local/xyce-7.10-pure-r07/share/PythonExamples/runACircuitInSteps/runACircuitInSteps.py
-- Installing: /home/reachgao/.local/xyce-7.10-pure-r07/share/PythonExamples/MultiADCTest
-- Installing: /home/reachgao/.local/xyce-7.10-pure-r07/share/PythonExamples/MultiADCTest/MultiPort2.cir
-- Installing: /home/reachgao/.local/xyce-7.10-pure-r07/share/PythonExamples/MultiADCTest/runMultiPort2.py
-- Installing: /home/reachgao/.local/xyce-7.10-pure-r07/share/PythonExamples/runCircuitWithDACs
-- Installing: /home/reachgao/.local/xyce-7.10-pure-r07/share/PythonExamples/runCircuitWithDACs/runCircuitWithDACs.py
-- Installing: /home/reachgao/.local/xyce-7.10-pure-r07/share/PythonExamples/runCircuitWithDACs/runCircuitWithDACs.cir
-- Installing: /home/reachgao/.local/xyce-7.10-pure-r07/share/PythonExamples/GetSetInSim
-- Installing: /home/reachgao/.local/xyce-7.10-pure-r07/share/PythonExamples/GetSetInSim/TestNetlist1.cir
-- Installing: /home/reachgao/.local/xyce-7.10-pure-r07/share/PythonExamples/GetSetInSim/TestNetlist2.cir
-- Installing: /home/reachgao/.local/xyce-7.10-pure-r07/share/PythonExamples/GetSetInSim/GetSetVals.py
-- Installing: /home/reachgao/.local/xyce-7.10-pure-r07/share/PythonExamples/GetSetInSim/TestNetlist3.cir
-- Installing: /home/reachgao/.local/xyce-7.10-pure-r07/share/PythonExamples/runACircuit
-- Installing: /home/reachgao/.local/xyce-7.10-pure-r07/share/PythonExamples/runACircuit/runACircuit.cir
-- Installing: /home/reachgao/.local/xyce-7.10-pure-r07/share/PythonExamples/runACircuit/runACircuit.py
-- Installing: /home/reachgao/.local/xyce-7.10-pure-r07/share/MatlabExamples
-- Installing: /home/reachgao/.local/xyce-7.10-pure-r07/share/MatlabExamples/README.txt
-- Installing: /home/reachgao/.local/xyce-7.10-pure-r07/share/MatlabExamples/GetSetInSim
-- Installing: /home/reachgao/.local/xyce-7.10-pure-r07/share/MatlabExamples/GetSetInSim/TestNetlist2.cir
-- Installing: /home/reachgao/.local/xyce-7.10-pure-r07/share/MatlabExamples/GetSetInSim/GetSetVals.m
-- Installing: /home/reachgao/.local/xyce-7.10-pure-r07/share/MatlabExamples/runACircuit
-- Installing: /home/reachgao/.local/xyce-7.10-pure-r07/share/MatlabExamples/runACircuit/runACircuit.m
-- Installing: /home/reachgao/.local/xyce-7.10-pure-r07/share/MatlabExamples/runACircuit/runACircuit.cir
-- Installing: /home/reachgao/.local/xyce-7.10-pure-r07/share/Simulink/XyceSimBlocks.slx
-- Installing: /home/reachgao/.local/xyce-7.10-pure-r07/share/Simulink/XyceSimMask.m
-- Installing: /home/reachgao/.local/xyce-7.10-pure-r07/share/Simulink/XyceSFunctionImp.m
-- Installing: /home/reachgao/.local/xyce-7.10-pure-r07/share/SimulinkExamples
-- Installing: /home/reachgao/.local/xyce-7.10-pure-r07/share/SimulinkExamples/BandPassFilterSystem23a.slx
-- Installing: /home/reachgao/.local/xyce-7.10-pure-r07/share/SimulinkExamples/BandPassFilterSystem.slx
-- Installing: /home/reachgao/.local/xyce-7.10-pure-r07/share/SimulinkExamples/MultiADCTest.slx
-- Installing: /home/reachgao/.local/xyce-7.10-pure-r07/share/SimulinkExamples/HighPassFilterSystem23a.slx
-- Installing: /home/reachgao/.local/xyce-7.10-pure-r07/share/SimulinkExamples/README.txt
-- Installing: /home/reachgao/.local/xyce-7.10-pure-r07/share/SimulinkExamples/Example_1DAC_2ADC23a.slx
-- Installing: /home/reachgao/.local/xyce-7.10-pure-r07/share/SimulinkExamples/HighPassFilterSystem.slx
-- Installing: /home/reachgao/.local/xyce-7.10-pure-r07/share/SimulinkExamples/BandPassFilter.cir
-- Installing: /home/reachgao/.local/xyce-7.10-pure-r07/share/SimulinkExamples/GetSetParamExample.slx
-- Installing: /home/reachgao/.local/xyce-7.10-pure-r07/share/SimulinkExamples/GetSetParamExample23a.slx
-- Installing: /home/reachgao/.local/xyce-7.10-pure-r07/share/SimulinkExamples/HighPassFilter.cir
-- Installing: /home/reachgao/.local/xyce-7.10-pure-r07/share/SimulinkExamples/MultiADCTest.cir
-- Installing: /home/reachgao/.local/xyce-7.10-pure-r07/share/SimulinkExamples/GetSetParams.cir
-- Installing: /home/reachgao/.local/xyce-7.10-pure-r07/share/SimulinkExamples/Example_1DAC_2ADC.slx
-- Installing: /home/reachgao/.local/xyce-7.10-pure-r07/share/SimulinkExamples/1Dac2ADCSystem.cir
gmake[1]: Leaving directory '/home/reachgao/.local/build/xyce-7.10.0-r07'
/home/reachgao/.local/src/xyce-7.10.0/src/CircuitPKG/N_CIR_Xyce.C: In member function ‘Xyce::Circuit::Simulator::RunStatus Xyce::Circuit::Simulator::initializeEarly(int, char**)’:
/home/reachgao/.local/src/xyce-7.10.0/src/CircuitPKG/N_CIR_Xyce.C:859:13: warning: ignoring return value of ‘char* getcwd(char*, size_t)’ declared with attribute ‘warn_unused_result’ [-Wunused-result]
  859 |       getcwd(path, sizeof(path));
      |       ~~~~~~^~~~~~~~~~~~~~~~~~~~
/home/reachgao/.local/src/xyce-7.10.0/src/CircuitPKG/N_CIR_Xyce.C:868:12: warning: ignoring return value of ‘int chdir(const char*)’ declared with attribute ‘warn_unused_result’ [-Wunused-result]
  868 |       chdir(path);
      |       ~~~~~^~~~~~
/home/reachgao/.local/src/xyce-7.10.0/src/DeviceModelPKG/OpenModels/N_DEV_ROM.C: In constructor ‘Xyce::Device::ROM::Instance::Instance(const Xyce::Device::Configuration&, const Xyce::Device::InstanceBlock&, Xyce::Device::ROM::Model&, const Xyce::Device::FactoryBlock&)’:
/home/reachgao/.local/src/xyce-7.10.0/src/DeviceModelPKG/OpenModels/N_DEV_ROM.C:196:13: warning: ignoring return value of ‘int fscanf(FILE*, const char*, ...)’ declared with attribute ‘warn_unused_result’ [-Wunused-result]
  196 |       fscanf(b_file, "%lg\n", &Bhat[i]);
      |       ~~~~~~^~~~~~~~~~~~~~~~~~~~~~~~~~~
/home/reachgao/.local/src/xyce-7.10.0/src/DeviceModelPKG/OpenModels/N_DEV_ROM.C:197:13: warning: ignoring return value of ‘int fscanf(FILE*, const char*, ...)’ declared with attribute ‘warn_unused_result’ [-Wunused-result]
  197 |       fscanf(l_file, "%lg\n", &Lhat[i]);
      |       ~~~~~~^~~~~~~~~~~~~~~~~~~~~~~~~~~
/home/reachgao/.local/src/xyce-7.10.0/src/DeviceModelPKG/OpenModels/N_DEV_ROM.C:218:17: warning: ignoring return value of ‘int fscanf(FILE*, const char*, ...)’ declared with attribute ‘warn_unused_result’ [-Wunused-result]
  218 |           fscanf(c_file, "%lg\n", &Chat[i]);
      |           ~~~~~~^~~~~~~~~~~~~~~~~~~~~~~~~~~
/home/reachgao/.local/src/xyce-7.10.0/src/DeviceModelPKG/OpenModels/N_DEV_ROM.C:228:17: warning: ignoring return value of ‘int fscanf(FILE*, const char*, ...)’ declared with attribute ‘warn_unused_result’ [-Wunused-result]
  228 |           fscanf(c_file, "%lg\n", &Chat_tmp[i]);
      |           ~~~~~~^~~~~~~~~~~~~~~~~~~~~~~~~~~~~~~
/home/reachgao/.local/src/xyce-7.10.0/src/DeviceModelPKG/OpenModels/N_DEV_ROM.C:326:17: warning: ignoring return value of ‘int fscanf(FILE*, const char*, ...)’ declared with attribute ‘warn_unused_result’ [-Wunused-result]
  326 |           fscanf(g_file, "%lg\n", &Ghat[i]);
      |           ~~~~~~^~~~~~~~~~~~~~~~~~~~~~~~~~~
/home/reachgao/.local/src/xyce-7.10.0/src/DeviceModelPKG/OpenModels/N_DEV_ROM.C:336:17: warning: ignoring return value of ‘int fscanf(FILE*, const char*, ...)’ declared with attribute ‘warn_unused_result’ [-Wunused-result]
  336 |           fscanf(g_file, "%lg\n", &Ghat_tmp[i]);
      |           ~~~~~~^~~~~~~~~~~~~~~~~~~~~~~~~~~~~~~
/home/reachgao/.local/src/xyce-7.10.0/src/DeviceModelPKG/TCADModels/N_DEV_PDE_2DMesh.C: In member function ‘bool Xyce::Device::PDE_2DMesh::readSGFMeshFile(const std::string&)’:
/home/reachgao/.local/src/xyce-7.10.0/src/DeviceModelPKG/TCADModels/N_DEV_PDE_2DMesh.C:468:8: warning: ignoring return value of ‘size_t fread(void*, size_t, size_t, FILE*)’ declared with attribute ‘warn_unused_result’ [-Wunused-result]
  468 |   fread(&meshhead, sizeof(MESHHEAD),1,nFile);
      |   ~~~~~^~~~~~~~~~~~~~~~~~~~~~~~~~~~~~~~~~~~~
/home/reachgao/.local/src/xyce-7.10.0/src/DeviceModelPKG/TCADModels/N_DEV_PDE_2DMesh.C:476:8: warning: ignoring return value of ‘size_t fread(void*, size_t, size_t, FILE*)’ declared with attribute ‘warn_unused_result’ [-Wunused-result]
  476 |   fread(&cLabel, sizeof(UINT),1,nFile);
      |   ~~~~~^~~~~~~~~~~~~~~~~~~~~~~~~~~~~~~
/home/reachgao/.local/src/xyce-7.10.0/src/DeviceModelPKG/TCADModels/N_DEV_PDE_2DMesh.C:489:10: warning: ignoring return value of ‘size_t fread(void*, size_t, size_t, FILE*)’ declared with attribute ‘warn_unused_result’ [-Wunused-result]
  489 |     fread(&xlatlabel, sizeof(XLATLABEL),1,nFile);
      |     ~~~~~^~~~~~~~~~~~~~~~~~~~~~~~~~~~~~~~~~~~~~~
/home/reachgao/.local/src/xyce-7.10.0/src/DeviceModelPKG/TCADModels/N_DEV_PDE_2DMesh.C:509:12: warning: ignoring return value of ‘size_t fread(void*, size_t, size_t, FILE*)’ declared with attribute ‘warn_unused_result’ [-Wunused-result]
  509 |       fread(&au, sizeof(UINT),1,nFile);
      |       ~~~~~^~~~~~~~~~~~~~~~~~~~~~~~~~~
/home/reachgao/.local/src/xyce-7.10.0/src/DeviceModelPKG/TCADModels/N_DEV_PDE_2DMesh.C:532:8: warning: ignoring return value of ‘size_t fread(void*, size_t, size_t, FILE*)’ declared with attribute ‘warn_unused_result’ [-Wunused-result]
  532 |   fread(&cArray, sizeof(UINT),1,nFile);
      |   ~~~~~^~~~~~~~~~~~~~~~~~~~~~~~~~~~~~~
/home/reachgao/.local/src/xyce-7.10.0/src/DeviceModelPKG/TCADModels/N_DEV_PDE_2DMesh.C:541:10: warning: ignoring return value of ‘size_t fread(void*, size_t, size_t, FILE*)’ declared with attribute ‘warn_unused_result’ [-Wunused-result]
  541 |     fread(szArrayName, LEN_IDENT+1,1,nFile);
      |     ~~~~~^~~~~~~~~~~~~~~~~~~~~~~~~~~~~~~~~~
/home/reachgao/.local/src/xyce-7.10.0/src/DeviceModelPKG/TCADModels/N_DEV_PDE_2DMesh.C:554:14: warning: ignoring return value of ‘size_t fread(void*, size_t, size_t, FILE*)’ declared with attribute ‘warn_unused_result’ [-Wunused-result]
  554 |         fread(&xtmp, sizeof(double),1,nFile);
      |         ~~~~~^~~~~~~~~~~~~~~~~~~~~~~~~~~~~~~
/home/reachgao/.local/src/xyce-7.10.0/src/DeviceModelPKG/TCADModels/N_DEV_PDE_2DMesh.C:563:14: warning: ignoring return value of ‘size_t fread(void*, size_t, size_t, FILE*)’ declared with attribute ‘warn_unused_result’ [-Wunused-result]
  563 |         fread(&xtmp, sizeof(double),1,nFile);
      |         ~~~~~^~~~~~~~~~~~~~~~~~~~~~~~~~~~~~~
/home/reachgao/.local/src/xyce-7.10.0/src/DeviceModelPKG/TCADModels/N_DEV_PDE_2DMesh.C:583:12: warning: ignoring return value of ‘size_t fread(void*, size_t, size_t, FILE*)’ declared with attribute ‘warn_unused_result’ [-Wunused-result]
  583 |       fread(szArrayName, LEN_IDENT+1,1,nFile);
      |       ~~~~~^~~~~~~~~~~~~~~~~~~~~~~~~~~~~~~~~~
/home/reachgao/.local/src/xyce-7.10.0/src/DeviceModelPKG/TCADModels/N_DEV_PDE_2DMesh.C:591:16: warning: ignoring return value of ‘size_t fread(void*, size_t, size_t, FILE*)’ declared with attribute ‘warn_unused_result’ [-Wunused-result]
  591 |           fread(&xtmp, sizeof(double),1,nFile);
      |           ~~~~~^~~~~~~~~~~~~~~~~~~~~~~~~~~~~~~
/home/reachgao/.local/src/xyce-7.10.0/src/DeviceModelPKG/TCADModels/N_DEV_PDE_2DMesh.C:599:16: warning: ignoring return value of ‘size_t fread(void*, size_t, size_t, FILE*)’ declared with attribute ‘warn_unused_result’ [-Wunused-result]
  599 |           fread(&xtmp, sizeof(double),1,nFile);
      |           ~~~~~^~~~~~~~~~~~~~~~~~~~~~~~~~~~~~~
/home/reachgao/.local/src/xyce-7.10.0/src/DeviceModelPKG/TCADModels/N_DEV_PDE_2DMesh.C:606:8: warning: ignoring return value of ‘size_t fread(void*, size_t, size_t, FILE*)’ declared with attribute ‘warn_unused_result’ [-Wunused-result]
  606 |   fread(&cNodes, sizeof(UINT),1,nFile);
      |   ~~~~~^~~~~~~~~~~~~~~~~~~~~~~~~~~~~~~
/home/reachgao/.local/src/xyce-7.10.0/src/DeviceModelPKG/TCADModels/N_DEV_PDE_2DMesh.C:619:10: warning: ignoring return value of ‘size_t fread(void*, size_t, size_t, FILE*)’ declared with attribute ‘warn_unused_result’ [-Wunused-result]
  619 |     fread(&sgfNode, sizeof(NODE),1,nFile);
      |     ~~~~~^~~~~~~~~~~~~~~~~~~~~~~~~~~~~~~~
/home/reachgao/.local/src/xyce-7.10.0/src/DeviceModelPKG/TCADModels/N_DEV_PDE_2DMesh.C:629:8: warning: ignoring return value of ‘size_t fread(void*, size_t, size_t, FILE*)’ declared with attribute ‘warn_unused_result’ [-Wunused-result]
  629 |   fread(&cEdge, sizeof(UINT),1,nFile);
      |   ~~~~~^~~~~~~~~~~~~~~~~~~~~~~~~~~~~~
/home/reachgao/.local/src/xyce-7.10.0/src/DeviceModelPKG/TCADModels/N_DEV_PDE_2DMesh.C:639:10: warning: ignoring return value of ‘size_t fread(void*, size_t, size_t, FILE*)’ declared with attribute ‘warn_unused_result’ [-Wunused-result]
  639 |     fread(&sgfEdge, sizeof(EDGE),1,nFile);
      |     ~~~~~^~~~~~~~~~~~~~~~~~~~~~~~~~~~~~~~
/home/reachgao/.local/src/xyce-7.10.0/src/DeviceModelPKG/TCADModels/N_DEV_PDE_2DMesh.C:661:8: warning: ignoring return value of ‘size_t fread(void*, size_t, size_t, FILE*)’ declared with attribute ‘warn_unused_result’ [-Wunused-result]
  661 |   fread(&cTriangle, sizeof(UINT),1,nFile);
      |   ~~~~~^~~~~~~~~~~~~~~~~~~~~~~~~~~~~~~~~~
/home/reachgao/.local/src/xyce-7.10.0/src/DeviceModelPKG/TCADModels/N_DEV_PDE_2DMesh.C:670:10: warning: ignoring return value of ‘size_t fread(void*, size_t, size_t, FILE*)’ declared with attribute ‘warn_unused_result’ [-Wunused-result]
  670 |     fread(&Tri, sizeof(TRI),1,nFile);
      |     ~~~~~^~~~~~~~~~~~~~~~~~~~~~~~~~~
/home/reachgao/.local/src/xyce-7.10.0/src/DeviceModelPKG/TCADModels/N_DEV_PDE_2DMesh.C:690:8: warning: ignoring return value of ‘size_t fread(void*, size_t, size_t, FILE*)’ declared with attribute ‘warn_unused_result’ [-Wunused-result]
  690 |   fread(&cAdj, sizeof(UINT),1,nFile);
      |   ~~~~~^~~~~~~~~~~~~~~~~~~~~~~~~~~~~
/home/reachgao/.local/src/xyce-7.10.0/src/DeviceModelPKG/TCADModels/N_DEV_PDE_2DMesh.C:736:10: warning: ignoring return value of ‘size_t fread(void*, size_t, size_t, FILE*)’ declared with attribute ‘warn_unused_result’ [-Wunused-result]
  736 |     fread(&inode, sizeof(int),1,nFile);
      |     ~~~~~^~~~~~~~~~~~~~~~~~~~~~~~~~~~~
/home/reachgao/.local/src/xyce-7.10.0/src/DeviceModelPKG/TCADModels/N_DEV_PDE_2DMesh.C:739:10: warning: ignoring return value of ‘size_t fread(void*, size_t, size_t, FILE*)’ declared with attribute ‘warn_unused_result’ [-Wunused-result]
  739 |     fread( &nodeInfo, sizeof(NODEINFO) - sizeof(EDGEINFO *),1,nFile);
      |     ~~~~~^~~~~~~~~~~~~~~~~~~~~~~~~~~~~~~~~~~~~~~~~~~~~~~~~~~~~~~~~~~
/home/reachgao/.local/src/xyce-7.10.0/src/DeviceModelPKG/TCADModels/N_DEV_PDE_2DMesh.C:751:12: warning: ignoring return value of ‘size_t fread(void*, size_t, size_t, FILE*)’ declared with attribute ‘warn_unused_result’ [-Wunused-result]
  751 |       fread( &EdgeInfo, sizeof(EDGEINFO),1,nFile);
      |       ~~~~~^~~~~~~~~~~~~~~~~~~~~~~~~~~~~~~~~~~~~~
In file included from /usr/include/c++/13/bits/hashtable_policy.h:36,
                 from /usr/include/c++/13/bits/hashtable.h:35,
                 from /usr/include/c++/13/bits/unordered_map.h:33,
                 from /usr/include/c++/13/unordered_map:41,
                 from /home/reachgao/.local/src/xyce-7.10.0/src/DeviceModelPKG/Core/N_DEV_Configuration.h:41,
                 from /home/reachgao/.local/src/xyce-7.10.0/src/DeviceModelPKG/ADMS/N_DEV_ADMSbsimcmg_110.h:42,
                 from /home/reachgao/.local/src/xyce-7.10.0/src/DeviceModelPKG/ADMS/N_DEV_ADMSbsimcmg_110.C:44:
In static member function ‘static _Up* std::__copy_move<_IsMove, true, std::random_access_iterator_tag>::__copy_m(_Tp*, _Tp*, _Up*) [with _Tp = long unsigned int; _Up = long unsigned int; bool _IsMove = false]’,
    inlined from ‘_OI std::__copy_move_a2(_II, _II, _OI) [with bool _IsMove = false; _II = long unsigned int*; _OI = long unsigned int*]’ at /usr/include/c++/13/bits/stl_algobase.h:506:30,
    inlined from ‘_OI std::__copy_move_a1(_II, _II, _OI) [with bool _IsMove = false; _II = long unsigned int*; _OI = long unsigned int*]’ at /usr/include/c++/13/bits/stl_algobase.h:533:42,
    inlined from ‘_OI std::__copy_move_a(_II, _II, _OI) [with bool _IsMove = false; _II = long unsigned int*; _OI = long unsigned int*]’ at /usr/include/c++/13/bits/stl_algobase.h:540:31,
    inlined from ‘_OI std::copy(_II, _II, _OI) [with _II = long unsigned int*; _OI = long unsigned int*]’ at /usr/include/c++/13/bits/stl_algobase.h:633:7,
    inlined from ‘std::vector<bool, _Alloc>::iterator std::vector<bool, _Alloc>::_M_copy_aligned(const_iterator, const_iterator, iterator) [with _Alloc = std::allocator<bool>]’ at /usr/include/c++/13/bits/stl_bvector.h:1342:28,
    inlined from ‘void std::vector<bool, _Alloc>::_M_fill_insert(iterator, size_type, bool) [with _Alloc = std::allocator<bool>]’ at /usr/include/c++/13/bits/vector.tcc:879:34,
    inlined from ‘std::vector<bool, _Alloc>::iterator std::vector<bool, _Alloc>::insert(const_iterator, size_type, const bool&) [with _Alloc = std::allocator<bool>]’ at /usr/include/c++/13/bits/stl_bvector.h:1242:16,
    inlined from ‘void std::vector<bool, _Alloc>::resize(size_type, bool) [with _Alloc = std::allocator<bool>]’ at /usr/include/c++/13/bits/stl_bvector.h:1288:10,
    inlined from ‘Xyce::Device::ADMSbsimcmg_110::Instance::Instance(const Xyce::Device::Configuration&, const Xyce::Device::InstanceBlock&, Xyce::Device::ADMSbsimcmg_110::Model&, const Xyce::Device::FactoryBlock&)’ at /home/reachgao/.local/src/xyce-7.10.0/src/DeviceModelPKG/ADMS/N_DEV_ADMSbsimcmg_110.C:13738:27:
/usr/include/c++/13/bits/stl_algobase.h:437:30: warning: ‘void* __builtin_memmove(void*, const void*, long unsigned int)’ writing between 9 and 9223372036854775807 bytes into a region of size 8 overflows the destination [-Wstringop-overflow=]
  437 |             __builtin_memmove(__result, __first, sizeof(_Tp) * _Num);
      |             ~~~~~~~~~~~~~~~~~^~~~~~~~~~~~~~~~~~~~~~~~~~~~~~~~~~~~~~~
In file included from /usr/include/x86_64-linux-gnu/c++/13/bits/c++allocator.h:33,
                 from /usr/include/c++/13/bits/allocator.h:46,
                 from /usr/include/c++/13/bits/alloc_traits.h:39,
                 from /usr/include/c++/13/ext/alloc_traits.h:34,
                 from /usr/include/c++/13/bits/hashtable_policy.h:39:
In member function ‘_Tp* std::__new_allocator<_Tp>::allocate(size_type, const void*) [with _Tp = long unsigned int]’,
    inlined from ‘static _Tp* std::allocator_traits<std::allocator<_Tp1> >::allocate(allocator_type&, size_type) [with _Tp = long unsigned int]’ at /usr/include/c++/13/bits/alloc_traits.h:482:28,
    inlined from ‘std::_Bvector_base<_Alloc>::_Bit_pointer std::_Bvector_base<_Alloc>::_M_allocate(std::size_t) [with _Alloc = std::allocator<bool>]’ at /usr/include/c++/13/bits/stl_bvector.h:679:48,
    inlined from ‘void std::vector<bool, _Alloc>::_M_fill_insert(iterator, size_type, bool) [with _Alloc = std::allocator<bool>]’ at /usr/include/c++/13/bits/vector.tcc:877:40,
    inlined from ‘std::vector<bool, _Alloc>::iterator std::vector<bool, _Alloc>::insert(const_iterator, size_type, const bool&) [with _Alloc = std::allocator<bool>]’ at /usr/include/c++/13/bits/stl_bvector.h:1242:16,
    inlined from ‘void std::vector<bool, _Alloc>::resize(size_type, bool) [with _Alloc = std::allocator<bool>]’ at /usr/include/c++/13/bits/stl_bvector.h:1288:10,
    inlined from ‘Xyce::Device::ADMSbsimcmg_110::Instance::Instance(const Xyce::Device::Configuration&, const Xyce::Device::InstanceBlock&, Xyce::Device::ADMSbsimcmg_110::Model&, const Xyce::Device::FactoryBlock&)’ at /home/reachgao/.local/src/xyce-7.10.0/src/DeviceModelPKG/ADMS/N_DEV_ADMSbsimcmg_110.C:13738:27:
/usr/include/c++/13/bits/new_allocator.h:151:55: note: destination object of size 8 allocated by ‘operator new’
  151 |         return static_cast<_Tp*>(_GLIBCXX_OPERATOR_NEW(__n * sizeof(_Tp)));
      |                                                       ^
/home/reachgao/.local/src/xyce-7.10.0/src/UtilityPKG/N_UTL_MallocUsed.C: In function ‘size_t malloc_used()’:
/home/reachgao/.local/src/xyce-7.10.0/src/UtilityPKG/N_UTL_MallocUsed.C:69:19: warning: ‘mallinfo mallinfo()’ is deprecated [-Wdeprecated-declarations]
   69 |   minfo = mallinfo();
      |           ~~~~~~~~^~
In file included from /home/reachgao/.local/src/xyce-7.10.0/src/UtilityPKG/N_UTL_MallocUsed.C:46:
/usr/include/malloc.h:114:24: note: declared here
  114 | extern struct mallinfo mallinfo (void) __THROW __MALLOC_DEPRECATED;
      |                        ^~~~~~~~
/home/reachgao/.local/src/xyce-7.10.0/src/IOInterfacePKG/N_IO_mmio.C: In function ‘int Xyce::IO::MMIO::mm_read_unsymmetric_sparse(const char*, int*, int*, int*, double**, int**, int**)’:
/home/reachgao/.local/src/xyce-7.10.0/src/IOInterfacePKG/N_IO_mmio.C:116:15: warning: ignoring return value of ‘int fscanf(FILE*, const char*, ...)’ declared with attribute ‘warn_unused_result’ [-Wunused-result]
  116 |         fscanf(f, "%d %d %lg\n", &I[i], &J[i], &val[i]);
      |         ~~~~~~^~~~~~~~~~~~~~~~~~~~~~~~~~~~~~~~~~~~~~~~~
output_end
