argv=["/home/reachgao/.local/xyce-7.10-pure-r07/bin/Xyce", "-license"]
cwd=/mnt/c/Users/ReachGao/Desktop/SDU/科研/氧化物TFT_铁电双栅课程项目
returncode=0
timed_out=false
elapsed_seconds=0.005803
output_begin

 Xyce(TM) Parallel Electrical Simulator
 Copyright 2002-2025 National Technology & Engineering Solutions of
 Sandia, LLC (NTESS). Under the terms of Contract DE-NA0003525 with
 NTESS, the U.S. Government retains certain rights in this software.

 This program is free software: you can redistribute it and/or modify
 it under the terms of the GNU General Public License as published by
 the Free Software Foundation, either version 3 of the License, or
 (at your option) any later version.

 This program is distributed in the hope that it will be useful,
 but WITHOUT ANY WARRANTY; without even the implied warranty of
 MERCHANTABILITY or FITNESS FOR A PARTICULAR PURPOSE.  See the
 GNU General Public License for more details.

 You should have received a copy of the GNU General Public License
 along with this program.  If not, see <http://www.gnu.org/licenses/>.

output_end
